20:47:00 **** Incremental Build of configuration Debug for project 001_GPIO_speedTest ****
make -j12 all 
arm-none-eabi-gcc "../Core/Src/main.c" -mcpu=cortex-m7 -std=gnu11 -g3 -DDEBUG -DUSE_HAL_DRIVER -DSTM32F746xx -c -I../Core/Inc -ID:/050_STM32/Repository/STM32Cube_FW_F7_V1.17.0/Drivers/STM32F7xx_HAL_Driver/Inc -ID:/050_STM32/Repository/STM32Cube_FW_F7_V1.17.0/Drivers/STM32F7xx_HAL_Driver/Inc/Legacy -ID:/050_STM32/Repository/STM32Cube_FW_F7_V1.17.0/Drivers/CMSIS/Device/ST/STM32F7xx/Include -ID:/050_STM32/Repository/STM32Cube_FW_F7_V1.17.0/Drivers/CMSIS/Include -O0 -ffunction-sections -fdata-sections -Wall -fstack-usage -fcyclomatic-complexity -MMD -MP -MF"Core/Src/main.d" -MT"Core/Src/main.o" --specs=nano.specs -mfpu=fpv5-sp-d16 -mfloat-abi=hard -mthumb -o "Core/Src/main.o"
arm-none-eabi-gcc -o "001_GPIO_speedTest.elf" @"objects.list"   -mcpu=cortex-m7 -T"D:\__GitHub\nucleoF746\STM32CubeIDE\001_GPIO_speedTest\STM32F746ZGTX_FLASH.ld" --specs=nosys.specs -Wl,-Map="001_GPIO_speedTest.map" -Wl,--gc-sections -static --specs=nano.specs -mfpu=fpv5-sp-d16 -mfloat-abi=hard -mthumb -Wl,--start-group -lc -lm -Wl,--end-group
Finished building target: 001_GPIO_speedTest.elf
 
arm-none-eabi-size   001_GPIO_speedTest.elf 
arm-none-eabi-objdump -h -S  001_GPIO_speedTest.elf  > "001_GPIO_speedTest.list"
   text	   data	    bss	    dec	    hex	filename
   6712	     20	   1572	   8304	   2070	001_GPIO_speedTest.elf
Finished building: default.size.stdout
 
Finished building: 001_GPIO_speedTest.list
 

20:47:00 Build Finished. 0 errors, 0 warnings. (took 533ms)

