22:00:29 **** Build of configuration Debug for project 001_GPIO_speedTest ****
make -j12 all 
arm-none-eabi-gcc "../loop/loop.c" -mcpu=cortex-m7 -std=gnu11 -g3 -DDEBUG -DUSE_HAL_DRIVER -DSTM32F746xx -c -I../Core/Inc -ID:/050_STM32/Repository/STM32Cube_FW_F7_V1.17.0/Drivers/STM32F7xx_HAL_Driver/Inc -ID:/050_STM32/Repository/STM32Cube_FW_F7_V1.17.0/Drivers/STM32F7xx_HAL_Driver/Inc/Legacy -ID:/050_STM32/Repository/STM32Cube_FW_F7_V1.17.0/Drivers/CMSIS/Device/ST/STM32F7xx/Include -ID:/050_STM32/Repository/STM32Cube_FW_F7_V1.17.0/Drivers/CMSIS/Include -O0 -ffunction-sections -fdata-sections -Wall -fstack-usage -fcyclomatic-complexity -MMD -MP -MF"loop/loop.d" -MT"loop/loop.o" --specs=nano.specs -mfpu=fpv5-sp-d16 -mfloat-abi=hard -mthumb -o "loop/loop.o"
arm-none-eabi-gcc "D:/050_STM32/Repository/STM32Cube_FW_F7_V1.17.0/Drivers/STM32F7xx_HAL_Driver/Src/stm32f7xx_hal.c" -mcpu=cortex-m7 -std=gnu11 -g3 -DDEBUG -DUSE_HAL_DRIVER -DSTM32F746xx -c -I../Core/Inc -ID:/050_STM32/Repository/STM32Cube_FW_F7_V1.17.0/Drivers/STM32F7xx_HAL_Driver/Inc -ID:/050_STM32/Repository/STM32Cube_FW_F7_V1.17.0/Drivers/STM32F7xx_HAL_Driver/Inc/Legacy -ID:/050_STM32/Repository/STM32Cube_FW_F7_V1.17.0/Drivers/CMSIS/Device/ST/STM32F7xx/Include -ID:/050_STM32/Repository/STM32Cube_FW_F7_V1.17.0/Drivers/CMSIS/Include -O0 -ffunction-sections -fdata-sections -Wall -fstack-usage -fcyclomatic-complexity -MMD -MP -MF"Drivers/STM32F7xx_HAL_Driver/stm32f7xx_hal.d" -MT"Drivers/STM32F7xx_HAL_Driver/stm32f7xx_hal.o" --specs=nano.specs -mfpu=fpv5-sp-d16 -mfloat-abi=hard -mthumb -o "Drivers/STM32F7xx_HAL_Driver/stm32f7xx_hal.o"
arm-none-eabi-gcc "D:/050_STM32/Repository/STM32Cube_FW_F7_V1.17.0/Drivers/STM32F7xx_HAL_Driver/Src/stm32f7xx_hal_cortex.c" -mcpu=cortex-m7 -std=gnu11 -g3 -DDEBUG -DUSE_HAL_DRIVER -DSTM32F746xx -c -I../Core/Inc -ID:/050_STM32/Repository/STM32Cube_FW_F7_V1.17.0/Drivers/STM32F7xx_HAL_Driver/Inc -ID:/050_STM32/Repository/STM32Cube_FW_F7_V1.17.0/Drivers/STM32F7xx_HAL_Driver/Inc/Legacy -ID:/050_STM32/Repository/STM32Cube_FW_F7_V1.17.0/Drivers/CMSIS/Device/ST/STM32F7xx/Include -ID:/050_STM32/Repository/STM32Cube_FW_F7_V1.17.0/Drivers/CMSIS/Include -O0 -ffunction-sections -fdata-sections -Wall -fstack-usage -fcyclomatic-complexity -MMD -MP -MF"Drivers/STM32F7xx_HAL_Driver/stm32f7xx_hal_cortex.d" -MT"Drivers/STM32F7xx_HAL_Driver/stm32f7xx_hal_cortex.o" --specs=nano.specs -mfpu=fpv5-sp-d16 -mfloat-abi=hard -mthumb -o "Drivers/STM32F7xx_HAL_Driver/stm32f7xx_hal_cortex.o"
arm-none-eabi-gcc "D:/050_STM32/Repository/STM32Cube_FW_F7_V1.17.0/Drivers/STM32F7xx_HAL_Driver/Src/stm32f7xx_hal_dma.c" -mcpu=cortex-m7 -std=gnu11 -g3 -DDEBUG -DUSE_HAL_DRIVER -DSTM32F746xx -c -I../Core/Inc -ID:/050_STM32/Repository/STM32Cube_FW_F7_V1.17.0/Drivers/STM32F7xx_HAL_Driver/Inc -ID:/050_STM32/Repository/STM32Cube_FW_F7_V1.17.0/Drivers/STM32F7xx_HAL_Driver/Inc/Legacy -ID:/050_STM32/Repository/STM32Cube_FW_F7_V1.17.0/Drivers/CMSIS/Device/ST/STM32F7xx/Include -ID:/050_STM32/Repository/STM32Cube_FW_F7_V1.17.0/Drivers/CMSIS/Include -O0 -ffunction-sections -fdata-sections -Wall -fstack-usage -fcyclomatic-complexity -MMD -MP -MF"Drivers/STM32F7xx_HAL_Driver/stm32f7xx_hal_dma.d" -MT"Drivers/STM32F7xx_HAL_Driver/stm32f7xx_hal_dma.o" --specs=nano.specs -mfpu=fpv5-sp-d16 -mfloat-abi=hard -mthumb -o "Drivers/STM32F7xx_HAL_Driver/stm32f7xx_hal_dma.o"
arm-none-eabi-gcc "D:/050_STM32/Repository/STM32Cube_FW_F7_V1.17.0/Drivers/STM32F7xx_HAL_Driver/Src/stm32f7xx_hal_dma_ex.c" -mcpu=cortex-m7 -std=gnu11 -g3 -DDEBUG -DUSE_HAL_DRIVER -DSTM32F746xx -c -I../Core/Inc -ID:/050_STM32/Repository/STM32Cube_FW_F7_V1.17.0/Drivers/STM32F7xx_HAL_Driver/Inc -ID:/050_STM32/Repository/STM32Cube_FW_F7_V1.17.0/Drivers/STM32F7xx_HAL_Driver/Inc/Legacy -ID:/050_STM32/Repository/STM32Cube_FW_F7_V1.17.0/Drivers/CMSIS/Device/ST/STM32F7xx/Include -ID:/050_STM32/Repository/STM32Cube_FW_F7_V1.17.0/Drivers/CMSIS/Include -O0 -ffunction-sections -fdata-sections -Wall -fstack-usage -fcyclomatic-complexity -MMD -MP -MF"Drivers/STM32F7xx_HAL_Driver/stm32f7xx_hal_dma_ex.d" -MT"Drivers/STM32F7xx_HAL_Driver/stm32f7xx_hal_dma_ex.o" --specs=nano.specs -mfpu=fpv5-sp-d16 -mfloat-abi=hard -mthumb -o "Drivers/STM32F7xx_HAL_Driver/stm32f7xx_hal_dma_ex.o"
arm-none-eabi-gcc "D:/050_STM32/Repository/STM32Cube_FW_F7_V1.17.0/Drivers/STM32F7xx_HAL_Driver/Src/stm32f7xx_hal_exti.c" -mcpu=cortex-m7 -std=gnu11 -g3 -DDEBUG -DUSE_HAL_DRIVER -DSTM32F746xx -c -I../Core/Inc -ID:/050_STM32/Repository/STM32Cube_FW_F7_V1.17.0/Drivers/STM32F7xx_HAL_Driver/Inc -ID:/050_STM32/Repository/STM32Cube_FW_F7_V1.17.0/Drivers/STM32F7xx_HAL_Driver/Inc/Legacy -ID:/050_STM32/Repository/STM32Cube_FW_F7_V1.17.0/Drivers/CMSIS/Device/ST/STM32F7xx/Include -ID:/050_STM32/Repository/STM32Cube_FW_F7_V1.17.0/Drivers/CMSIS/Include -O0 -ffunction-sections -fdata-sections -Wall -fstack-usage -fcyclomatic-complexity -MMD -MP -MF"Drivers/STM32F7xx_HAL_Driver/stm32f7xx_hal_exti.d" -MT"Drivers/STM32F7xx_HAL_Driver/stm32f7xx_hal_exti.o" --specs=nano.specs -mfpu=fpv5-sp-d16 -mfloat-abi=hard -mthumb -o "Drivers/STM32F7xx_HAL_Driver/stm32f7xx_hal_exti.o"
arm-none-eabi-gcc "D:/050_STM32/Repository/STM32Cube_FW_F7_V1.17.0/Drivers/STM32F7xx_HAL_Driver/Src/stm32f7xx_hal_flash.c" -mcpu=cortex-m7 -std=gnu11 -g3 -DDEBUG -DUSE_HAL_DRIVER -DSTM32F746xx -c -I../Core/Inc -ID:/050_STM32/Repository/STM32Cube_FW_F7_V1.17.0/Drivers/STM32F7xx_HAL_Driver/Inc -ID:/050_STM32/Repository/STM32Cube_FW_F7_V1.17.0/Drivers/STM32F7xx_HAL_Driver/Inc/Legacy -ID:/050_STM32/Repository/STM32Cube_FW_F7_V1.17.0/Drivers/CMSIS/Device/ST/STM32F7xx/Include -ID:/050_STM32/Repository/STM32Cube_FW_F7_V1.17.0/Drivers/CMSIS/Include -O0 -ffunction-sections -fdata-sections -Wall -fstack-usage -fcyclomatic-complexity -MMD -MP -MF"Drivers/STM32F7xx_HAL_Driver/stm32f7xx_hal_flash.d" -MT"Drivers/STM32F7xx_HAL_Driver/stm32f7xx_hal_flash.o" --specs=nano.specs -mfpu=fpv5-sp-d16 -mfloat-abi=hard -mthumb -o "Drivers/STM32F7xx_HAL_Driver/stm32f7xx_hal_flash.o"
arm-none-eabi-gcc "D:/050_STM32/Repository/STM32Cube_FW_F7_V1.17.0/Drivers/STM32F7xx_HAL_Driver/Src/stm32f7xx_hal_flash_ex.c" -mcpu=cortex-m7 -std=gnu11 -g3 -DDEBUG -DUSE_HAL_DRIVER -DSTM32F746xx -c -I../Core/Inc -ID:/050_STM32/Repository/STM32Cube_FW_F7_V1.17.0/Drivers/STM32F7xx_HAL_Driver/Inc -ID:/050_STM32/Repository/STM32Cube_FW_F7_V1.17.0/Drivers/STM32F7xx_HAL_Driver/Inc/Legacy -ID:/050_STM32/Repository/STM32Cube_FW_F7_V1.17.0/Drivers/CMSIS/Device/ST/STM32F7xx/Include -ID:/050_STM32/Repository/STM32Cube_FW_F7_V1.17.0/Drivers/CMSIS/Include -O0 -ffunction-sections -fdata-sections -Wall -fstack-usage -fcyclomatic-complexity -MMD -MP -MF"Drivers/STM32F7xx_HAL_Driver/stm32f7xx_hal_flash_ex.d" -MT"Drivers/STM32F7xx_HAL_Driver/stm32f7xx_hal_flash_ex.o" --specs=nano.specs -mfpu=fpv5-sp-d16 -mfloat-abi=hard -mthumb -o "Drivers/STM32F7xx_HAL_Driver/stm32f7xx_hal_flash_ex.o"
arm-none-eabi-gcc "D:/050_STM32/Repository/STM32Cube_FW_F7_V1.17.0/Drivers/STM32F7xx_HAL_Driver/Src/stm32f7xx_hal_gpio.c" -mcpu=cortex-m7 -std=gnu11 -g3 -DDEBUG -DUSE_HAL_DRIVER -DSTM32F746xx -c -I../Core/Inc -ID:/050_STM32/Repository/STM32Cube_FW_F7_V1.17.0/Drivers/STM32F7xx_HAL_Driver/Inc -ID:/050_STM32/Repository/STM32Cube_FW_F7_V1.17.0/Drivers/STM32F7xx_HAL_Driver/Inc/Legacy -ID:/050_STM32/Repository/STM32Cube_FW_F7_V1.17.0/Drivers/CMSIS/Device/ST/STM32F7xx/Include -ID:/050_STM32/Repository/STM32Cube_FW_F7_V1.17.0/Drivers/CMSIS/Include -O0 -ffunction-sections -fdata-sections -Wall -fstack-usage -fcyclomatic-complexity -MMD -MP -MF"Drivers/STM32F7xx_HAL_Driver/stm32f7xx_hal_gpio.d" -MT"Drivers/STM32F7xx_HAL_Driver/stm32f7xx_hal_gpio.o" --specs=nano.specs -mfpu=fpv5-sp-d16 -mfloat-abi=hard -mthumb -o "Drivers/STM32F7xx_HAL_Driver/stm32f7xx_hal_gpio.o"
arm-none-eabi-gcc "D:/050_STM32/Repository/STM32Cube_FW_F7_V1.17.0/Drivers/STM32F7xx_HAL_Driver/Src/stm32f7xx_hal_i2c.c" -mcpu=cortex-m7 -std=gnu11 -g3 -DDEBUG -DUSE_HAL_DRIVER -DSTM32F746xx -c -I../Core/Inc -ID:/050_STM32/Repository/STM32Cube_FW_F7_V1.17.0/Drivers/STM32F7xx_HAL_Driver/Inc -ID:/050_STM32/Repository/STM32Cube_FW_F7_V1.17.0/Drivers/STM32F7xx_HAL_Driver/Inc/Legacy -ID:/050_STM32/Repository/STM32Cube_FW_F7_V1.17.0/Drivers/CMSIS/Device/ST/STM32F7xx/Include -ID:/050_STM32/Repository/STM32Cube_FW_F7_V1.17.0/Drivers/CMSIS/Include -O0 -ffunction-sections -fdata-sections -Wall -fstack-usage -fcyclomatic-complexity -MMD -MP -MF"Drivers/STM32F7xx_HAL_Driver/stm32f7xx_hal_i2c.d" -MT"Drivers/STM32F7xx_HAL_Driver/stm32f7xx_hal_i2c.o" --specs=nano.specs -mfpu=fpv5-sp-d16 -mfloat-abi=hard -mthumb -o "Drivers/STM32F7xx_HAL_Driver/stm32f7xx_hal_i2c.o"
arm-none-eabi-gcc "D:/050_STM32/Repository/STM32Cube_FW_F7_V1.17.0/Drivers/STM32F7xx_HAL_Driver/Src/stm32f7xx_hal_i2c_ex.c" -mcpu=cortex-m7 -std=gnu11 -g3 -DDEBUG -DUSE_HAL_DRIVER -DSTM32F746xx -c -I../Core/Inc -ID:/050_STM32/Repository/STM32Cube_FW_F7_V1.17.0/Drivers/STM32F7xx_HAL_Driver/Inc -ID:/050_STM32/Repository/STM32Cube_FW_F7_V1.17.0/Drivers/STM32F7xx_HAL_Driver/Inc/Legacy -ID:/050_STM32/Repository/STM32Cube_FW_F7_V1.17.0/Drivers/CMSIS/Device/ST/STM32F7xx/Include -ID:/050_STM32/Repository/STM32Cube_FW_F7_V1.17.0/Drivers/CMSIS/Include -O0 -ffunction-sections -fdata-sections -Wall -fstack-usage -fcyclomatic-complexity -MMD -MP -MF"Drivers/STM32F7xx_HAL_Driver/stm32f7xx_hal_i2c_ex.d" -MT"Drivers/STM32F7xx_HAL_Driver/stm32f7xx_hal_i2c_ex.o" --specs=nano.specs -mfpu=fpv5-sp-d16 -mfloat-abi=hard -mthumb -o "Drivers/STM32F7xx_HAL_Driver/stm32f7xx_hal_i2c_ex.o"
arm-none-eabi-gcc "D:/050_STM32/Repository/STM32Cube_FW_F7_V1.17.0/Drivers/STM32F7xx_HAL_Driver/Src/stm32f7xx_hal_pwr.c" -mcpu=cortex-m7 -std=gnu11 -g3 -DDEBUG -DUSE_HAL_DRIVER -DSTM32F746xx -c -I../Core/Inc -ID:/050_STM32/Repository/STM32Cube_FW_F7_V1.17.0/Drivers/STM32F7xx_HAL_Driver/Inc -ID:/050_STM32/Repository/STM32Cube_FW_F7_V1.17.0/Drivers/STM32F7xx_HAL_Driver/Inc/Legacy -ID:/050_STM32/Repository/STM32Cube_FW_F7_V1.17.0/Drivers/CMSIS/Device/ST/STM32F7xx/Include -ID:/050_STM32/Repository/STM32Cube_FW_F7_V1.17.0/Drivers/CMSIS/Include -O0 -ffunction-sections -fdata-sections -Wall -fstack-usage -fcyclomatic-complexity -MMD -MP -MF"Drivers/STM32F7xx_HAL_Driver/stm32f7xx_hal_pwr.d" -MT"Drivers/STM32F7xx_HAL_Driver/stm32f7xx_hal_pwr.o" --specs=nano.specs -mfpu=fpv5-sp-d16 -mfloat-abi=hard -mthumb -o "Drivers/STM32F7xx_HAL_Driver/stm32f7xx_hal_pwr.o"
arm-none-eabi-gcc "D:/050_STM32/Repository/STM32Cube_FW_F7_V1.17.0/Drivers/STM32F7xx_HAL_Driver/Src/stm32f7xx_hal_pwr_ex.c" -mcpu=cortex-m7 -std=gnu11 -g3 -DDEBUG -DUSE_HAL_DRIVER -DSTM32F746xx -c -I../Core/Inc -ID:/050_STM32/Repository/STM32Cube_FW_F7_V1.17.0/Drivers/STM32F7xx_HAL_Driver/Inc -ID:/050_STM32/Repository/STM32Cube_FW_F7_V1.17.0/Drivers/STM32F7xx_HAL_Driver/Inc/Legacy -ID:/050_STM32/Repository/STM32Cube_FW_F7_V1.17.0/Drivers/CMSIS/Device/ST/STM32F7xx/Include -ID:/050_STM32/Repository/STM32Cube_FW_F7_V1.17.0/Drivers/CMSIS/Include -O0 -ffunction-sections -fdata-sections -Wall -fstack-usage -fcyclomatic-complexity -MMD -MP -MF"Drivers/STM32F7xx_HAL_Driver/stm32f7xx_hal_pwr_ex.d" -MT"Drivers/STM32F7xx_HAL_Driver/stm32f7xx_hal_pwr_ex.o" --specs=nano.specs -mfpu=fpv5-sp-d16 -mfloat-abi=hard -mthumb -o "Drivers/STM32F7xx_HAL_Driver/stm32f7xx_hal_pwr_ex.o"
arm-none-eabi-gcc "D:/050_STM32/Repository/STM32Cube_FW_F7_V1.17.0/Drivers/STM32F7xx_HAL_Driver/Src/stm32f7xx_hal_rcc.c" -mcpu=cortex-m7 -std=gnu11 -g3 -DDEBUG -DUSE_HAL_DRIVER -DSTM32F746xx -c -I../Core/Inc -ID:/050_STM32/Repository/STM32Cube_FW_F7_V1.17.0/Drivers/STM32F7xx_HAL_Driver/Inc -ID:/050_STM32/Repository/STM32Cube_FW_F7_V1.17.0/Drivers/STM32F7xx_HAL_Driver/Inc/Legacy -ID:/050_STM32/Repository/STM32Cube_FW_F7_V1.17.0/Drivers/CMSIS/Device/ST/STM32F7xx/Include -ID:/050_STM32/Repository/STM32Cube_FW_F7_V1.17.0/Drivers/CMSIS/Include -O0 -ffunction-sections -fdata-sections -Wall -fstack-usage -fcyclomatic-complexity -MMD -MP -MF"Drivers/STM32F7xx_HAL_Driver/stm32f7xx_hal_rcc.d" -MT"Drivers/STM32F7xx_HAL_Driver/stm32f7xx_hal_rcc.o" --specs=nano.specs -mfpu=fpv5-sp-d16 -mfloat-abi=hard -mthumb -o "Drivers/STM32F7xx_HAL_Driver/stm32f7xx_hal_rcc.o"
arm-none-eabi-gcc "D:/050_STM32/Repository/STM32Cube_FW_F7_V1.17.0/Drivers/STM32F7xx_HAL_Driver/Src/stm32f7xx_hal_rcc_ex.c" -mcpu=cortex-m7 -std=gnu11 -g3 -DDEBUG -DUSE_HAL_DRIVER -DSTM32F746xx -c -I../Core/Inc -ID:/050_STM32/Repository/STM32Cube_FW_F7_V1.17.0/Drivers/STM32F7xx_HAL_Driver/Inc -ID:/050_STM32/Repository/STM32Cube_FW_F7_V1.17.0/Drivers/STM32F7xx_HAL_Driver/Inc/Legacy -ID:/050_STM32/Repository/STM32Cube_FW_F7_V1.17.0/Drivers/CMSIS/Device/ST/STM32F7xx/Include -ID:/050_STM32/Repository/STM32Cube_FW_F7_V1.17.0/Drivers/CMSIS/Include -O0 -ffunction-sections -fdata-sections -Wall -fstack-usage -fcyclomatic-complexity -MMD -MP -MF"Drivers/STM32F7xx_HAL_Driver/stm32f7xx_hal_rcc_ex.d" -MT"Drivers/STM32F7xx_HAL_Driver/stm32f7xx_hal_rcc_ex.o" --specs=nano.specs -mfpu=fpv5-sp-d16 -mfloat-abi=hard -mthumb -o "Drivers/STM32F7xx_HAL_Driver/stm32f7xx_hal_rcc_ex.o"
arm-none-eabi-gcc "D:/050_STM32/Repository/STM32Cube_FW_F7_V1.17.0/Drivers/STM32F7xx_HAL_Driver/Src/stm32f7xx_hal_tim.c" -mcpu=cortex-m7 -std=gnu11 -g3 -DDEBUG -DUSE_HAL_DRIVER -DSTM32F746xx -c -I../Core/Inc -ID:/050_STM32/Repository/STM32Cube_FW_F7_V1.17.0/Drivers/STM32F7xx_HAL_Driver/Inc -ID:/050_STM32/Repository/STM32Cube_FW_F7_V1.17.0/Drivers/STM32F7xx_HAL_Driver/Inc/Legacy -ID:/050_STM32/Repository/STM32Cube_FW_F7_V1.17.0/Drivers/CMSIS/Device/ST/STM32F7xx/Include -ID:/050_STM32/Repository/STM32Cube_FW_F7_V1.17.0/Drivers/CMSIS/Include -O0 -ffunction-sections -fdata-sections -Wall -fstack-usage -fcyclomatic-complexity -MMD -MP -MF"Drivers/STM32F7xx_HAL_Driver/stm32f7xx_hal_tim.d" -MT"Drivers/STM32F7xx_HAL_Driver/stm32f7xx_hal_tim.o" --specs=nano.specs -mfpu=fpv5-sp-d16 -mfloat-abi=hard -mthumb -o "Drivers/STM32F7xx_HAL_Driver/stm32f7xx_hal_tim.o"
arm-none-eabi-gcc "D:/050_STM32/Repository/STM32Cube_FW_F7_V1.17.0/Drivers/STM32F7xx_HAL_Driver/Src/stm32f7xx_hal_tim_ex.c" -mcpu=cortex-m7 -std=gnu11 -g3 -DDEBUG -DUSE_HAL_DRIVER -DSTM32F746xx -c -I../Core/Inc -ID:/050_STM32/Repository/STM32Cube_FW_F7_V1.17.0/Drivers/STM32F7xx_HAL_Driver/Inc -ID:/050_STM32/Repository/STM32Cube_FW_F7_V1.17.0/Drivers/STM32F7xx_HAL_Driver/Inc/Legacy -ID:/050_STM32/Repository/STM32Cube_FW_F7_V1.17.0/Drivers/CMSIS/Device/ST/STM32F7xx/Include -ID:/050_STM32/Repository/STM32Cube_FW_F7_V1.17.0/Drivers/CMSIS/Include -O0 -ffunction-sections -fdata-sections -Wall -fstack-usage -fcyclomatic-complexity -MMD -MP -MF"Drivers/STM32F7xx_HAL_Driver/stm32f7xx_hal_tim_ex.d" -MT"Drivers/STM32F7xx_HAL_Driver/stm32f7xx_hal_tim_ex.o" --specs=nano.specs -mfpu=fpv5-sp-d16 -mfloat-abi=hard -mthumb -o "Drivers/STM32F7xx_HAL_Driver/stm32f7xx_hal_tim_ex.o"
arm-none-eabi-gcc -mcpu=cortex-m7 -g3 -DDEBUG -c -x assembler-with-cpp -MMD -MP -MF"Core/Startup/startup_stm32f746zgtx.d" -MT"Core/Startup/startup_stm32f746zgtx.o" --specs=nano.specs -mfpu=fpv5-sp-d16 -mfloat-abi=hard -mthumb -o "Core/Startup/startup_stm32f746zgtx.o" "../Core/Startup/startup_stm32f746zgtx.s"
arm-none-eabi-gcc "../Core/Src/gpio.c" -mcpu=cortex-m7 -std=gnu11 -g3 -DDEBUG -DUSE_HAL_DRIVER -DSTM32F746xx -c -I../Core/Inc -ID:/050_STM32/Repository/STM32Cube_FW_F7_V1.17.0/Drivers/STM32F7xx_HAL_Driver/Inc -ID:/050_STM32/Repository/STM32Cube_FW_F7_V1.17.0/Drivers/STM32F7xx_HAL_Driver/Inc/Legacy -ID:/050_STM32/Repository/STM32Cube_FW_F7_V1.17.0/Drivers/CMSIS/Device/ST/STM32F7xx/Include -ID:/050_STM32/Repository/STM32Cube_FW_F7_V1.17.0/Drivers/CMSIS/Include -O0 -ffunction-sections -fdata-sections -Wall -fstack-usage -fcyclomatic-complexity -MMD -MP -MF"Core/Src/gpio.d" -MT"Core/Src/gpio.o" --specs=nano.specs -mfpu=fpv5-sp-d16 -mfloat-abi=hard -mthumb -o "Core/Src/gpio.o"
arm-none-eabi-gcc "../Core/Src/main.c" -mcpu=cortex-m7 -std=gnu11 -g3 -DDEBUG -DUSE_HAL_DRIVER -DSTM32F746xx -c -I../Core/Inc -ID:/050_STM32/Repository/STM32Cube_FW_F7_V1.17.0/Drivers/STM32F7xx_HAL_Driver/Inc -ID:/050_STM32/Repository/STM32Cube_FW_F7_V1.17.0/Drivers/STM32F7xx_HAL_Driver/Inc/Legacy -ID:/050_STM32/Repository/STM32Cube_FW_F7_V1.17.0/Drivers/CMSIS/Device/ST/STM32F7xx/Include -ID:/050_STM32/Repository/STM32Cube_FW_F7_V1.17.0/Drivers/CMSIS/Include -O0 -ffunction-sections -fdata-sections -Wall -fstack-usage -fcyclomatic-complexity -MMD -MP -MF"Core/Src/main.d" -MT"Core/Src/main.o" --specs=nano.specs -mfpu=fpv5-sp-d16 -mfloat-abi=hard -mthumb -o "Core/Src/main.o"
arm-none-eabi-gcc "../Core/Src/stm32f7xx_hal_msp.c" -mcpu=cortex-m7 -std=gnu11 -g3 -DDEBUG -DUSE_HAL_DRIVER -DSTM32F746xx -c -I../Core/Inc -ID:/050_STM32/Repository/STM32Cube_FW_F7_V1.17.0/Drivers/STM32F7xx_HAL_Driver/Inc -ID:/050_STM32/Repository/STM32Cube_FW_F7_V1.17.0/Drivers/STM32F7xx_HAL_Driver/Inc/Legacy -ID:/050_STM32/Repository/STM32Cube_FW_F7_V1.17.0/Drivers/CMSIS/Device/ST/STM32F7xx/Include -ID:/050_STM32/Repository/STM32Cube_FW_F7_V1.17.0/Drivers/CMSIS/Include -O0 -ffunction-sections -fdata-sections -Wall -fstack-usage -fcyclomatic-complexity -MMD -MP -MF"Core/Src/stm32f7xx_hal_msp.d" -MT"Core/Src/stm32f7xx_hal_msp.o" --specs=nano.specs -mfpu=fpv5-sp-d16 -mfloat-abi=hard -mthumb -o "Core/Src/stm32f7xx_hal_msp.o"
arm-none-eabi-gcc "../Core/Src/stm32f7xx_it.c" -mcpu=cortex-m7 -std=gnu11 -g3 -DDEBUG -DUSE_HAL_DRIVER -DSTM32F746xx -c -I../Core/Inc -ID:/050_STM32/Repository/STM32Cube_FW_F7_V1.17.0/Drivers/STM32F7xx_HAL_Driver/Inc -ID:/050_STM32/Repository/STM32Cube_FW_F7_V1.17.0/Drivers/STM32F7xx_HAL_Driver/Inc/Legacy -ID:/050_STM32/Repository/STM32Cube_FW_F7_V1.17.0/Drivers/CMSIS/Device/ST/STM32F7xx/Include -ID:/050_STM32/Repository/STM32Cube_FW_F7_V1.17.0/Drivers/CMSIS/Include -O0 -ffunction-sections -fdata-sections -Wall -fstack-usage -fcyclomatic-complexity -MMD -MP -MF"Core/Src/stm32f7xx_it.d" -MT"Core/Src/stm32f7xx_it.o" --specs=nano.specs -mfpu=fpv5-sp-d16 -mfloat-abi=hard -mthumb -o "Core/Src/stm32f7xx_it.o"
arm-none-eabi-gcc "../Core/Src/syscalls.c" -mcpu=cortex-m7 -std=gnu11 -g3 -DDEBUG -DUSE_HAL_DRIVER -DSTM32F746xx -c -I../Core/Inc -ID:/050_STM32/Repository/STM32Cube_FW_F7_V1.17.0/Drivers/STM32F7xx_HAL_Driver/Inc -ID:/050_STM32/Repository/STM32Cube_FW_F7_V1.17.0/Drivers/STM32F7xx_HAL_Driver/Inc/Legacy -ID:/050_STM32/Repository/STM32Cube_FW_F7_V1.17.0/Drivers/CMSIS/Device/ST/STM32F7xx/Include -ID:/050_STM32/Repository/STM32Cube_FW_F7_V1.17.0/Drivers/CMSIS/Include -O0 -ffunction-sections -fdata-sections -Wall -fstack-usage -fcyclomatic-complexity -MMD -MP -MF"Core/Src/syscalls.d" -MT"Core/Src/syscalls.o" --specs=nano.specs -mfpu=fpv5-sp-d16 -mfloat-abi=hard -mthumb -o "Core/Src/syscalls.o"
arm-none-eabi-gcc "../Core/Src/sysmem.c" -mcpu=cortex-m7 -std=gnu11 -g3 -DDEBUG -DUSE_HAL_DRIVER -DSTM32F746xx -c -I../Core/Inc -ID:/050_STM32/Repository/STM32Cube_FW_F7_V1.17.0/Drivers/STM32F7xx_HAL_Driver/Inc -ID:/050_STM32/Repository/STM32Cube_FW_F7_V1.17.0/Drivers/STM32F7xx_HAL_Driver/Inc/Legacy -ID:/050_STM32/Repository/STM32Cube_FW_F7_V1.17.0/Drivers/CMSIS/Device/ST/STM32F7xx/Include -ID:/050_STM32/Repository/STM32Cube_FW_F7_V1.17.0/Drivers/CMSIS/Include -O0 -ffunction-sections -fdata-sections -Wall -fstack-usage -fcyclomatic-complexity -MMD -MP -MF"Core/Src/sysmem.d" -MT"Core/Src/sysmem.o" --specs=nano.specs -mfpu=fpv5-sp-d16 -mfloat-abi=hard -mthumb -o "Core/Src/sysmem.o"
arm-none-eabi-gcc "../Core/Src/system_stm32f7xx.c" -mcpu=cortex-m7 -std=gnu11 -g3 -DDEBUG -DUSE_HAL_DRIVER -DSTM32F746xx -c -I../Core/Inc -ID:/050_STM32/Repository/STM32Cube_FW_F7_V1.17.0/Drivers/STM32F7xx_HAL_Driver/Inc -ID:/050_STM32/Repository/STM32Cube_FW_F7_V1.17.0/Drivers/STM32F7xx_HAL_Driver/Inc/Legacy -ID:/050_STM32/Repository/STM32Cube_FW_F7_V1.17.0/Drivers/CMSIS/Device/ST/STM32F7xx/Include -ID:/050_STM32/Repository/STM32Cube_FW_F7_V1.17.0/Drivers/CMSIS/Include -O0 -ffunction-sections -fdata-sections -Wall -fstack-usage -fcyclomatic-complexity -MMD -MP -MF"Core/Src/system_stm32f7xx.d" -MT"Core/Src/system_stm32f7xx.o" --specs=nano.specs -mfpu=fpv5-sp-d16 -mfloat-abi=hard -mthumb -o "Core/Src/system_stm32f7xx.o"
arm-none-eabi-gcc -o "001_GPIO_speedTest.elf" @"objects.list"   -mcpu=cortex-m7 -T"D:\__GitHub\nucleoF746\STM32CubeIDE\001_GPIO_speedTest\STM32F746ZGTX_FLASH.ld" --specs=nosys.specs -Wl,-Map="001_GPIO_speedTest.map" -Wl,--gc-sections -static --specs=nano.specs -mfpu=fpv5-sp-d16 -mfloat-abi=hard -mthumb -Wl,--start-group -lc -lm -Wl,--end-group
Finished building target: 001_GPIO_speedTest.elf
 
arm-none-eabi-size   001_GPIO_speedTest.elf 
arm-none-eabi-objdump -h -S  001_GPIO_speedTest.elf  > "001_GPIO_speedTest.list"
   text	   data	    bss	    dec	    hex	filename
   6920	     20	   1572	   8512	   2140	001_GPIO_speedTest.elf
Finished building: default.size.stdout
 
Finished building: 001_GPIO_speedTest.list
 

22:00:30 Build Finished. 0 errors, 0 warnings. (took 1s.223ms)

