22:00:29 **** Clean-only build of configuration Debug for project 001_GPIO_speedTest ****
make -j12 clean 
rm -rf ./loop/loop.cyclo ./loop/loop.d ./loop/loop.o ./loop/loop.su
rm -rf ./Drivers/STM32F7xx_HAL_Driver/stm32f7xx_hal.cyclo ./Drivers/STM32F7xx_HAL_Driver/stm32f7xx_hal.d ./Drivers/STM32F7xx_HAL_Driver/stm32f7xx_hal.o ./Drivers/STM32F7xx_HAL_Driver/stm32f7xx_hal.su ./Drivers/STM32F7xx_HAL_Driver/stm32f7xx_hal_cortex.cyclo ./Drivers/STM32F7xx_HAL_Driver/stm32f7xx_hal_cortex.d ./Drivers/STM32F7xx_HAL_Driver/stm32f7xx_hal_cortex.o ./Drivers/STM32F7xx_HAL_Driver/stm32f7xx_hal_cortex.su ./Drivers/STM32F7xx_HAL_Driver/stm32f7xx_hal_dma.cyclo ./Drivers/STM32F7xx_HAL_Driver/stm32f7xx_hal_dma.d ./Drivers/STM32F7xx_HAL_Driver/stm32f7xx_hal_dma.o ./Drivers/STM32F7xx_HAL_Driver/stm32f7xx_hal_dma.su ./Drivers/STM32F7xx_HAL_Driver/stm32f7xx_hal_dma_ex.cyclo ./Drivers/STM32F7xx_HAL_Driver/stm32f7xx_hal_dma_ex.d ./Drivers/STM32F7xx_HAL_Driver/stm32f7xx_hal_dma_ex.o ./Drivers/STM32F7xx_HAL_Driver/stm32f7xx_hal_dma_ex.su ./Drivers/STM32F7xx_HAL_Driver/stm32f7xx_hal_exti.cyclo ./Drivers/STM32F7xx_HAL_Driver/stm32f7xx_hal_exti.d ./Drivers/STM32F7xx_HAL_Driver/stm32f7xx_hal_exti.o ./Drivers/STM32F7xx_HAL_Driver/stm32f7xx_hal_exti.su ./Drivers/STM32F7xx_HAL_Driver/stm32f7xx_hal_flash.cyclo ./Drivers/STM32F7xx_HAL_Driver/stm32f7xx_hal_flash.d ./Drivers/STM32F7xx_HAL_Driver/stm32f7xx_hal_flash.o ./Drivers/STM32F7xx_HAL_Driver/stm32f7xx_hal_flash.su ./Drivers/STM32F7xx_HAL_Driver/stm32f7xx_hal_flash_ex.cyclo ./Drivers/STM32F7xx_HAL_Driver/stm32f7xx_hal_flash_ex.d ./Drivers/STM32F7xx_HAL_Driver/stm32f7xx_hal_flash_ex.o ./Drivers/STM32F7xx_HAL_Driver/stm32f7xx_hal_flash_ex.su ./Drivers/STM32F7xx_HAL_Driver/stm32f7xx_hal_gpio.cyclo ./Drivers/STM32F7xx_HAL_Driver/stm32f7xx_hal_gpio.d ./Drivers/STM32F7xx_HAL_Driver/stm32f7xx_hal_gpio.o ./Drivers/STM32F7xx_HAL_Driver/stm32f7xx_hal_gpio.su ./Drivers/STM32F7xx_HAL_Driver/stm32f7xx_hal_i2c.cyclo ./Drivers/STM32F7xx_HAL_Driver/stm32f7xx_hal_i2c.d ./Drivers/STM32F7xx_HAL_Driver/stm32f7xx_hal_i2c.o ./Drivers/STM32F7xx_HAL_Driver/stm32f7xx_hal_i2c.su ./Drivers/STM32F7xx_HAL_Driver/stm32f7xx_hal_i2c_ex.cyclo ./Drivers/STM32F7xx_HAL_Driver/stm32f7xx_hal_i2c_ex.d ./Drivers/STM32F7xx_HAL_Driver/stm32f7xx_hal_i2c_ex.o ./Drivers/STM32F7xx_HAL_Driver/stm32f7xx_hal_i2c_ex.su ./Drivers/STM32F7xx_HAL_Driver/stm32f7xx_hal_pwr.cyclo ./Drivers/STM32F7xx_HAL_Driver/stm32f7xx_hal_pwr.d ./Drivers/STM32F7xx_HAL_Driver/stm32f7xx_hal_pwr.o ./Drivers/STM32F7xx_HAL_Driver/stm32f7xx_hal_pwr.su ./Drivers/STM32F7xx_HAL_Driver/stm32f7xx_hal_pwr_ex.cyclo ./Drivers/STM32F7xx_HAL_Driver/stm32f7xx_hal_pwr_ex.d ./Drivers/STM32F7xx_HAL_Driver/stm32f7xx_hal_pwr_ex.o ./Drivers/STM32F7xx_HAL_Driver/stm32f7xx_hal_pwr_ex.su ./Drivers/STM32F7xx_HAL_Driver/stm32f7xx_hal_rcc.cyclo ./Drivers/STM32F7xx_HAL_Driver/stm32f7xx_hal_rcc.d ./Drivers/STM32F7xx_HAL_Driver/stm32f7xx_hal_rcc.o ./Drivers/STM32F7xx_HAL_Driver/stm32f7xx_hal_rcc.su ./Drivers/STM32F7xx_HAL_Driver/stm32f7xx_hal_rcc_ex.cyclo ./Drivers/STM32F7xx_HAL_Driver/stm32f7xx_hal_rcc_ex.d ./Drivers/STM32F7xx_HAL_Driver/stm32f7xx_hal_rcc_ex.o ./Drivers/STM32F7xx_HAL_Driver/stm32f7xx_hal_rcc_ex.su ./Drivers/STM32F7xx_HAL_Driver/stm32f7xx_hal_tim.cyclo ./Drivers/STM32F7xx_HAL_Driver/stm32f7xx_hal_tim.d ./Drivers/STM32F7xx_HAL_Driver/stm32f7xx_hal_tim.o ./Drivers/STM32F7xx_HAL_Driver/stm32f7xx_hal_tim.su ./Drivers/STM32F7xx_HAL_Driver/stm32f7xx_hal_tim_ex.cyclo ./Drivers/STM32F7xx_HAL_Driver/stm32f7xx_hal_tim_ex.d ./Drivers/STM32F7xx_HAL_Driver/stm32f7xx_hal_tim_ex.o ./Drivers/STM32F7xx_HAL_Driver/stm32f7xx_hal_tim_ex.su
rm -rf ./Core/Startup/startup_stm32f746zgtx.d ./Core/Startup/startup_stm32f746zgtx.o
rm -rf ./Core/Src/gpio.cyclo ./Core/Src/gpio.d ./Core/Src/gpio.o ./Core/Src/gpio.su ./Core/Src/main.cyclo ./Core/Src/main.d ./Core/Src/main.o ./Core/Src/main.su ./Core/Src/stm32f7xx_hal_msp.cyclo ./Core/Src/stm32f7xx_hal_msp.d ./Core/Src/stm32f7xx_hal_msp.o ./Core/Src/stm32f7xx_hal_msp.su ./Core/Src/stm32f7xx_it.cyclo ./Core/Src/stm32f7xx_it.d ./Core/Src/stm32f7xx_it.o ./Core/Src/stm32f7xx_it.su ./Core/Src/syscalls.cyclo ./Core/Src/syscalls.d ./Core/Src/syscalls.o ./Core/Src/syscalls.su ./Core/Src/sysmem.cyclo ./Core/Src/sysmem.d ./Core/Src/sysmem.o ./Core/Src/sysmem.su ./Core/Src/system_stm32f7xx.cyclo ./Core/Src/system_stm32f7xx.d ./Core/Src/system_stm32f7xx.o ./Core/Src/system_stm32f7xx.su
rm -rf default.size.stdout nucleoF746.elf nucleoF746.list nucleoF746.map
 
22:00:29 **** Clean-only build of configuration Debug for project 001_GPIO_speedTest ****
make -j12 clean 
rm -rf ./loop/loop.cyclo ./loop/loop.d ./loop/loop.o ./loop/loop.su
rm -rf ./Drivers/STM32F7xx_HAL_Driver/stm32f7xx_hal.cyclo ./Drivers/STM32F7xx_HAL_Driver/stm32f7xx_hal.d ./Drivers/STM32F7xx_HAL_Driver/stm32f7xx_hal.o ./Drivers/STM32F7xx_HAL_Driver/stm32f7xx_hal.su ./Drivers/STM32F7xx_HAL_Driver/stm32f7xx_hal_cortex.cyclo ./Drivers/STM32F7xx_HAL_Driver/stm32f7xx_hal_cortex.d ./Drivers/STM32F7xx_HAL_Driver/stm32f7xx_hal_cortex.o ./Drivers/STM32F7xx_HAL_Driver/stm32f7xx_hal_cortex.su ./Drivers/STM32F7xx_HAL_Driver/stm32f7xx_hal_dma.cyclo ./Drivers/STM32F7xx_HAL_Driver/stm32f7xx_hal_dma.d ./Drivers/STM32F7xx_HAL_Driver/stm32f7xx_hal_dma.o ./Drivers/STM32F7xx_HAL_Driver/stm32f7xx_hal_dma.su ./Drivers/STM32F7xx_HAL_Driver/stm32f7xx_hal_dma_ex.cyclo ./Drivers/STM32F7xx_HAL_Driver/stm32f7xx_hal_dma_ex.d ./Drivers/STM32F7xx_HAL_Driver/stm32f7xx_hal_dma_ex.o ./Drivers/STM32F7xx_HAL_Driver/stm32f7xx_hal_dma_ex.su ./Drivers/STM32F7xx_HAL_Driver/stm32f7xx_hal_exti.cyclo ./Drivers/STM32F7xx_HAL_Driver/stm32f7xx_hal_exti.d ./Drivers/STM32F7xx_HAL_Driver/stm32f7xx_hal_exti.o ./Drivers/STM32F7xx_HAL_Driver/stm32f7xx_hal_exti.su ./Drivers/STM32F7xx_HAL_Driver/stm32f7xx_hal_flash.cyclo ./Drivers/STM32F7xx_HAL_Driver/stm32f7xx_hal_flash.d ./Drivers/STM32F7xx_HAL_Driver/stm32f7xx_hal_flash.o ./Drivers/STM32F7xx_HAL_Driver/stm32f7xx_hal_flash.su ./Drivers/STM32F7xx_HAL_Driver/stm32f7xx_hal_flash_ex.cyclo ./Drivers/STM32F7xx_HAL_Driver/stm32f7xx_hal_flash_ex.d ./Drivers/STM32F7xx_HAL_Driver/stm32f7xx_hal_flash_ex.o ./Drivers/STM32F7xx_HAL_Driver/stm32f7xx_hal_flash_ex.su ./Drivers/STM32F7xx_HAL_Driver/stm32f7xx_hal_gpio.cyclo ./Drivers/STM32F7xx_HAL_Driver/stm32f7xx_hal_gpio.d ./Drivers/STM32F7xx_HAL_Driver/stm32f7xx_hal_gpio.o ./Drivers/STM32F7xx_HAL_Driver/stm32f7xx_hal_gpio.su ./Drivers/STM32F7xx_HAL_Driver/stm32f7xx_hal_i2c.cyclo ./Drivers/STM32F7xx_HAL_Driver/stm32f7xx_hal_i2c.d ./Drivers/STM32F7xx_HAL_Driver/stm32f7xx_hal_i2c.o ./Drivers/STM32F7xx_HAL_Driver/stm32f7xx_hal_i2c.su ./Drivers/STM32F7xx_HAL_Driver/stm32f7xx_hal_i2c_ex.cyclo ./Drivers/STM32F7xx_HAL_Driver/stm32f7xx_hal_i2c_ex.d ./Drivers/STM32F7xx_HAL_Driver/stm32f7xx_hal_i2c_ex.o ./Drivers/STM32F7xx_HAL_Driver/stm32f7xx_hal_i2c_ex.su ./Drivers/STM32F7xx_HAL_Driver/stm32f7xx_hal_pwr.cyclo ./Drivers/STM32F7xx_HAL_Driver/stm32f7xx_hal_pwr.d ./Drivers/STM32F7xx_HAL_Driver/stm32f7xx_hal_pwr.o ./Drivers/STM32F7xx_HAL_Driver/stm32f7xx_hal_pwr.su ./Drivers/STM32F7xx_HAL_Driver/stm32f7xx_hal_pwr_ex.cyclo ./Drivers/STM32F7xx_HAL_Driver/stm32f7xx_hal_pwr_ex.d ./Drivers/STM32F7xx_HAL_Driver/stm32f7xx_hal_pwr_ex.o ./Drivers/STM32F7xx_HAL_Driver/stm32f7xx_hal_pwr_ex.su ./Drivers/STM32F7xx_HAL_Driver/stm32f7xx_hal_rcc.cyclo ./Drivers/STM32F7xx_HAL_Driver/stm32f7xx_hal_rcc.d ./Drivers/STM32F7xx_HAL_Driver/stm32f7xx_hal_rcc.o ./Drivers/STM32F7xx_HAL_Driver/stm32f7xx_hal_rcc.su ./Drivers/STM32F7xx_HAL_Driver/stm32f7xx_hal_rcc_ex.cyclo ./Drivers/STM32F7xx_HAL_Driver/stm32f7xx_hal_rcc_ex.d ./Drivers/STM32F7xx_HAL_Driver/stm32f7xx_hal_rcc_ex.o ./Drivers/STM32F7xx_HAL_Driver/stm32f7xx_hal_rcc_ex.su ./Drivers/STM32F7xx_HAL_Driver/stm32f7xx_hal_tim.cyclo ./Drivers/STM32F7xx_HAL_Driver/stm32f7xx_hal_tim.d ./Drivers/STM32F7xx_HAL_Driver/stm32f7xx_hal_tim.o ./Drivers/STM32F7xx_HAL_Driver/stm32f7xx_hal_tim.su ./Drivers/STM32F7xx_HAL_Driver/stm32f7xx_hal_tim_ex.cyclo ./Drivers/STM32F7xx_HAL_Driver/stm32f7xx_hal_tim_ex.d ./Drivers/STM32F7xx_HAL_Driver/stm32f7xx_hal_tim_ex.o ./Drivers/STM32F7xx_HAL_Driver/stm32f7xx_hal_tim_ex.su
rm -rf ./Core/Startup/startup_stm32f746zgtx.d ./Core/Startup/startup_stm32f746zgtx.o
rm -rf ./Core/Src/gpio.cyclo ./Core/Src/gpio.d ./Core/Src/gpio.o ./Core/Src/gpio.su ./Core/Src/main.cyclo ./Core/Src/main.d ./Core/Src/main.o ./Core/Src/main.su ./Core/Src/stm32f7xx_hal_msp.cyclo ./Core/Src/stm32f7xx_hal_msp.d ./Core/Src/stm32f7xx_hal_msp.o ./Core/Src/stm32f7xx_hal_msp.su ./Core/Src/stm32f7xx_it.cyclo ./Core/Src/stm32f7xx_it.d ./Core/Src/stm32f7xx_it.o ./Core/Src/stm32f7xx_it.su ./Core/Src/syscalls.cyclo ./Core/Src/syscalls.d ./Core/Src/syscalls.o ./Core/Src/syscalls.su ./Core/Src/sysmem.cyclo ./Core/Src/sysmem.d ./Core/Src/sysmem.o ./Core/Src/sysmem.su ./Core/Src/system_stm32f7xx.cyclo ./Core/Src/system_stm32f7xx.d ./Core/Src/system_stm32f7xx.o ./Core/Src/system_stm32f7xx.su
rm -rf default.size.stdout nucleoF746.elf nucleoF746.list nucleoF746.map
 
22:00:29 **** Build of configuration Debug for project 001_GPIO_speedTest ****
make -j12 all 
arm-none-eabi-gcc "../loop/loop.c" -mcpu=cortex-m7 -std=gnu11 -g3 -DDEBUG -DUSE_HAL_DRIVER -DSTM32F746xx -c -I../Core/Inc -ID:/050_STM32/Repository/STM32Cube_FW_F7_V1.17.0/Drivers/STM32F7xx_HAL_Driver/Inc -ID:/050_STM32/Repository/STM32Cube_FW_F7_V1.17.0/Drivers/STM32F7xx_HAL_Driver/Inc/Legacy -ID:/050_STM32/Repository/STM32Cube_FW_F7_V1.17.0/Drivers/CMSIS/Device/ST/STM32F7xx/Include -ID:/050_STM32/Repository/STM32Cube_FW_F7_V1.17.0/Drivers/CMSIS/Include -O0 -ffunction-sections -fdata-sections -Wall -fstack-usage -fcyclomatic-complexity -MMD -MP -MF"loop/loop.d" -MT"loop/loop.o" --specs=nano.specs -mfpu=fpv5-sp-d16 -mfloat-abi=hard -mthumb -o "loop/loop.o"
arm-none-eabi-gcc "D:/050_STM32/Repository/STM32Cube_FW_F7_V1.17.0/Drivers/STM32F7xx_HAL_Driver/Src/stm32f7xx_hal.c" -mcpu=cortex-m7 -std=gnu11 -g3 -DDEBUG -DUSE_HAL_DRIVER -DSTM32F746xx -c -I../Core/Inc -ID:/050_STM32/Repository/STM32Cube_FW_F7_V1.17.0/Drivers/STM32F7xx_HAL_Driver/Inc -ID:/050_STM32/Repository/STM32Cube_FW_F7_V1.17.0/Drivers/STM32F7xx_HAL_Driver/Inc/Legacy -ID:/050_STM32/Repository/STM32Cube_FW_F7_V1.17.0/Drivers/CMSIS/Device/ST/STM32F7xx/Include -ID:/050_STM32/Repository/STM32Cube_FW_F7_V1.17.0/Drivers/CMSIS/Include -O0 -ffunction-sections -fdata-sections -Wall -fstack-usage -fcyclomatic-complexity -MMD -MP -MF"Drivers/STM32F7xx_HAL_Driver/stm32f7xx_hal.d" -MT"Drivers/STM32F7xx_HAL_Driver/stm32f7xx_hal.o" --specs=nano.specs -mfpu=fpv5-sp-d16 -mfloat-abi=hard -mthumb -o "Drivers/STM32F7xx_HAL_Driver/stm32f7xx_hal.o"
arm-none-eabi-gcc "D:/050_STM32/Repository/STM32Cube_FW_F7_V1.17.0/Drivers/STM32F7xx_HAL_Driver/Src/stm32f7xx_hal_cortex.c" -mcpu=cortex-m7 -std=gnu11 -g3 -DDEBUG -DUSE_HAL_DRIVER -DSTM32F746xx -c -I../Core/Inc -ID:/050_STM32/Repository/STM32Cube_FW_F7_V1.17.0/Drivers/STM32F7xx_HAL_Driver/Inc -ID:/050_STM32/Repository/STM32Cube_FW_F7_V1.17.0/Drivers/STM32F7xx_HAL_Driver/Inc/Legacy -ID:/050_STM32/Repository/STM32Cube_FW_F7_V1.17.0/Drivers/CMSIS/Device/ST/STM32F7xx/Include -ID:/050_STM32/Repository/STM32Cube_FW_F7_V1.17.0/Drivers/CMSIS/Include -O0 -ffunction-sections -fdata-sections -Wall -fstack-usage -fcyclomatic-complexity -MMD -MP -MF"Drivers/STM32F7xx_HAL_Driver/stm32f7xx_hal_cortex.d" -MT"Drivers/STM32F7xx_HAL_Driver/stm32f7xx_hal_cortex.o" --specs=nano.specs -mfpu=fpv5-sp-d16 -mfloat-abi=hard -mthumb -o "Drivers/STM32F7xx_HAL_Driver/stm32f7xx_hal_cortex.o"
arm-none-eabi-gcc "D:/050_STM32/Repository/STM32Cube_FW_F7_V1.17.0/Drivers/STM32F7xx_HAL_Driver/Src/stm32f7xx_hal_dma.c" -mcpu=cortex-m7 -std=gnu11 -g3 -DDEBUG -DUSE_HAL_DRIVER -DSTM32F746xx -c -I../Core/Inc -ID:/050_STM32/Repository/STM32Cube_FW_F7_V1.17.0/Drivers/STM32F7xx_HAL_Driver/Inc -ID:/050_STM32/Repository/STM32Cube_FW_F7_V1.17.0/Drivers/STM32F7xx_HAL_Driver/Inc/Legacy -ID:/050_STM32/Repository/STM32Cube_FW_F7_V1.17.0/Drivers/CMSIS/Device/ST/STM32F7xx/Include -ID:/050_STM32/Repository/STM32Cube_FW_F7_V1.17.0/Drivers/CMSIS/Include -O0 -ffunction-sections -fdata-sections -Wall -fstack-usage -fcyclomatic-complexity -MMD -MP -MF"Drivers/STM32F7xx_HAL_Driver/stm32f7xx_hal_dma.d" -MT"Drivers/STM32F7xx_HAL_Driver/stm32f7xx_hal_dma.o" --specs=nano.specs -mfpu=fpv5-sp-d16 -mfloat-abi=hard -mthumb -o "Drivers/STM32F7xx_HAL_Driver/stm32f7xx_hal_dma.o"
arm-none-eabi-gcc "D:/050_STM32/Repository/STM32Cube_FW_F7_V1.17.0/Drivers/STM32F7xx_HAL_Driver/Src/stm32f7xx_hal_dma_ex.c" -mcpu=cortex-m7 -std=gnu11 -g3 -DDEBUG -DUSE_HAL_DRIVER -DSTM32F746xx -c -I../Core/Inc -ID:/050_STM32/Repository/STM32Cube_FW_F7_V1.17.0/Drivers/STM32F7xx_HAL_Driver/Inc -ID:/050_STM32/Repository/STM32Cube_FW_F7_V1.17.0/Drivers/STM32F7xx_HAL_Driver/Inc/Legacy -ID:/050_STM32/Repository/STM32Cube_FW_F7_V1.17.0/Drivers/CMSIS/Device/ST/STM32F7xx/Include -ID:/050_STM32/Repository/STM32Cube_FW_F7_V1.17.0/Drivers/CMSIS/Include -O0 -ffunction-sections -fdata-sections -Wall -fstack-usage -fcyclomatic-complexity -MMD -MP -MF"Drivers/STM32F7xx_HAL_Driver/stm32f7xx_hal_dma_ex.d" -MT"Drivers/STM32F7xx_HAL_Driver/stm32f7xx_hal_dma_ex.o" --specs=nano.specs -mfpu=fpv5-sp-d16 -mfloat-abi=hard -mthumb -o "Drivers/STM32F7xx_HAL_Driver/stm32f7xx_hal_dma_ex.o"
arm-none-eabi-gcc "D:/050_STM32/Repository/STM32Cube_FW_F7_V1.17.0/Drivers/STM32F7xx_HAL_Driver/Src/stm32f7xx_hal_exti.c" -mcpu=cortex-m7 -std=gnu11 -g3 -DDEBUG -DUSE_HAL_DRIVER -DSTM32F746xx -c -I../Core/Inc -ID:/050_STM32/Repository/STM32Cube_FW_F7_V1.17.0/Drivers/STM32F7xx_HAL_Driver/Inc -ID:/050_STM32/Repository/STM32Cube_FW_F7_V1.17.0/Drivers/STM32F7xx_HAL_Driver/Inc/Legacy -ID:/050_STM32/Repository/STM32Cube_FW_F7_V1.17.0/Drivers/CMSIS/Device/ST/STM32F7xx/Include -ID:/050_STM32/Repository/STM32Cube_FW_F7_V1.17.0/Drivers/CMSIS/Include -O0 -ffunction-sections -fdata-sections -Wall -fstack-usage -fcyclomatic-complexity -MMD -MP -MF"Drivers/STM32F7xx_HAL_Driver/stm32f7xx_hal_exti.d" -MT"Drivers/STM32F7xx_HAL_Driver/stm32f7xx_hal_exti.o" --specs=nano.specs -mfpu=fpv5-sp-d16 -mfloat-abi=hard -mthumb -o "Drivers/STM32F7xx_HAL_Driver/stm32f7xx_hal_exti.o"
arm-none-eabi-gcc "D:/050_STM32/Repository/STM32Cube_FW_F7_V1.17.0/Drivers/STM32F7xx_HAL_Driver/Src/stm32f7xx_hal_flash.c" -mcpu=cortex-m7 -std=gnu11 -g3 -DDEBUG -DUSE_HAL_DRIVER -DSTM32F746xx -c -I../Core/Inc -ID:/050_STM32/Repository/STM32Cube_FW_F7_V1.17.0/Drivers/STM32F7xx_HAL_Driver/Inc -ID:/050_STM32/Repository/STM32Cube_FW_F7_V1.17.0/Drivers/STM32F7xx_HAL_Driver/Inc/Legacy -ID:/050_STM32/Repository/STM32Cube_FW_F7_V1.17.0/Drivers/CMSIS/Device/ST/STM32F7xx/Include -ID:/050_STM32/Repository/STM32Cube_FW_F7_V1.17.0/Drivers/CMSIS/Include -O0 -ffunction-sections -fdata-sections -Wall -fstack-usage -fcyclomatic-complexity -MMD -MP -MF"Drivers/STM32F7xx_HAL_Driver/stm32f7xx_hal_flash.d" -MT"Drivers/STM32F7xx_HAL_Driver/stm32f7xx_hal_flash.o" --specs=nano.specs -mfpu=fpv5-sp-d16 -mfloat-abi=hard -mthumb -o "Drivers/STM32F7xx_HAL_Driver/stm32f7xx_hal_flash.o"
arm-none-eabi-gcc "D:/050_STM32/Repository/STM32Cube_FW_F7_V1.17.0/Drivers/STM32F7xx_HAL_Driver/Src/stm32f7xx_hal_flash_ex.c" -mcpu=cortex-m7 -std=gnu11 -g3 -DDEBUG -DUSE_HAL_DRIVER -DSTM32F746xx -c -I../Core/Inc -ID:/050_STM32/Repository/STM32Cube_FW_F7_V1.17.0/Drivers/STM32F7xx_HAL_Driver/Inc -ID:/050_STM32/Repository/STM32Cube_FW_F7_V1.17.0/Drivers/STM32F7xx_HAL_Driver/Inc/Legacy -ID:/050_STM32/Repository/STM32Cube_FW_F7_V1.17.0/Drivers/CMSIS/Device/ST/STM32F7xx/Include -ID:/050_STM32/Repository/STM32Cube_FW_F7_V1.17.0/Drivers/CMSIS/Include -O0 -ffunction-sections -fdata-sections -Wall -fstack-usage -fcyclomatic-complexity -MMD -MP -MF"Drivers/STM32F7xx_HAL_Driver/stm32f7xx_hal_flash_ex.d" -MT"Drivers/STM32F7xx_HAL_Driver/stm32f7xx_hal_flash_ex.o" --specs=nano.specs -mfpu=fpv5-sp-d16 -mfloat-abi=hard -mthumb -o "Drivers/STM32F7xx_HAL_Driver/stm32f7xx_hal_flash_ex.o"
arm-none-eabi-gcc "D:/050_STM32/Repository/STM32Cube_FW_F7_V1.17.0/Drivers/STM32F7xx_HAL_Driver/Src/stm32f7xx_hal_gpio.c" -mcpu=cortex-m7 -std=gnu11 -g3 -DDEBUG -DUSE_HAL_DRIVER -DSTM32F746xx -c -I../Core/Inc -ID:/050_STM32/Repository/STM32Cube_FW_F7_V1.17.0/Drivers/STM32F7xx_HAL_Driver/Inc -ID:/050_STM32/Repository/STM32Cube_FW_F7_V1.17.0/Drivers/STM32F7xx_HAL_Driver/Inc/Legacy -ID:/050_STM32/Repository/STM32Cube_FW_F7_V1.17.0/Drivers/CMSIS/Device/ST/STM32F7xx/Include -ID:/050_STM32/Repository/STM32Cube_FW_F7_V1.17.0/Drivers/CMSIS/Include -O0 -ffunction-sections -fdata-sections -Wall -fstack-usage -fcyclomatic-complexity -MMD -MP -MF"Drivers/STM32F7xx_HAL_Driver/stm32f7xx_hal_gpio.d" -MT"Drivers/STM32F7xx_HAL_Driver/stm32f7xx_hal_gpio.o" --specs=nano.specs -mfpu=fpv5-sp-d16 -mfloat-abi=hard -mthumb -o "Drivers/STM32F7xx_HAL_Driver/stm32f7xx_hal_gpio.o"
arm-none-eabi-gcc "D:/050_STM32/Repository/STM32Cube_FW_F7_V1.17.0/Drivers/STM32F7xx_HAL_Driver/Src/stm32f7xx_hal_i2c.c" -mcpu=cortex-m7 -std=gnu11 -g3 -DDEBUG -DUSE_HAL_DRIVER -DSTM32F746xx -c -I../Core/Inc -ID:/050_STM32/Repository/STM32Cube_FW_F7_V1.17.0/Drivers/STM32F7xx_HAL_Driver/Inc -ID:/050_STM32/Repository/STM32Cube_FW_F7_V1.17.0/Drivers/STM32F7xx_HAL_Driver/Inc/Legacy -ID:/050_STM32/Repository/STM32Cube_FW_F7_V1.17.0/Drivers/CMSIS/Device/ST/STM32F7xx/Include -ID:/050_STM32/Repository/STM32Cube_FW_F7_V1.17.0/Drivers/CMSIS/Include -O0 -ffunction-sections -fdata-sections -Wall -fstack-usage -fcyclomatic-complexity -MMD -MP -MF"Drivers/STM32F7xx_HAL_Driver/stm32f7xx_hal_i2c.d" -MT"Drivers/STM32F7xx_HAL_Driver/stm32f7xx_hal_i2c.o" --specs=nano.specs -mfpu=fpv5-sp-d16 -mfloat-abi=hard -mthumb -o "Drivers/STM32F7xx_HAL_Driver/stm32f7xx_hal_i2c.o"
arm-none-eabi-gcc "D:/050_STM32/Repository/STM32Cube_FW_F7_V1.17.0/Drivers/STM32F7xx_HAL_Driver/Src/stm32f7xx_hal_i2c_ex.c" -mcpu=cortex-m7 -std=gnu11 -g3 -DDEBUG -DUSE_HAL_DRIVER -DSTM32F746xx -c -I../Core/Inc -ID:/050_STM32/Repository/STM32Cube_FW_F7_V1.17.0/Drivers/STM32F7xx_HAL_Driver/Inc -ID:/050_STM32/Repository/STM32Cube_FW_F7_V1.17.0/Drivers/STM32F7xx_HAL_Driver/Inc/Legacy -ID:/050_STM32/Repository/STM32Cube_FW_F7_V1.17.0/Drivers/CMSIS/Device/ST/STM32F7xx/Include -ID:/050_STM32/Repository/STM32Cube_FW_F7_V1.17.0/Drivers/CMSIS/Include -O0 -ffunction-sections -fdata-sections -Wall -fstack-usage -fcyclomatic-complexity -MMD -MP -MF"Drivers/STM32F7xx_HAL_Driver/stm32f7xx_hal_i2c_ex.d" -MT"Drivers/STM32F7xx_HAL_Driver/stm32f7xx_hal_i2c_ex.o" --specs=nano.specs -mfpu=fpv5-sp-d16 -mfloat-abi=hard -mthumb -o "Drivers/STM32F7xx_HAL_Driver/stm32f7xx_hal_i2c_ex.o"
arm-none-eabi-gcc "D:/050_STM32/Repository/STM32Cube_FW_F7_V1.17.0/Drivers/STM32F7xx_HAL_Driver/Src/stm32f7xx_hal_pwr.c" -mcpu=cortex-m7 -std=gnu11 -g3 -DDEBUG -DUSE_HAL_DRIVER -DSTM32F746xx -c -I../Core/Inc -ID:/050_STM32/Repository/STM32Cube_FW_F7_V1.17.0/Drivers/STM32F7xx_HAL_Driver/Inc -ID:/050_STM32/Repository/STM32Cube_FW_F7_V1.17.0/Drivers/STM32F7xx_HAL_Driver/Inc/Legacy -ID:/050_STM32/Repository/STM32Cube_FW_F7_V1.17.0/Drivers/CMSIS/Device/ST/STM32F7xx/Include -ID:/050_STM32/Repository/STM32Cube_FW_F7_V1.17.0/Drivers/CMSIS/Include -O0 -ffunction-sections -fdata-sections -Wall -fstack-usage -fcyclomatic-complexity -MMD -MP -MF"Drivers/STM32F7xx_HAL_Driver/stm32f7xx_hal_pwr.d" -MT"Drivers/STM32F7xx_HAL_Driver/stm32f7xx_hal_pwr.o" --specs=nano.specs -mfpu=fpv5-sp-d16 -mfloat-abi=hard -mthumb -o "Drivers/STM32F7xx_HAL_Driver/stm32f7xx_hal_pwr.o"
arm-none-eabi-gcc "D:/050_STM32/Repository/STM32Cube_FW_F7_V1.17.0/Drivers/STM32F7xx_HAL_Driver/Src/stm32f7xx_hal_pwr_ex.c" -mcpu=cortex-m7 -std=gnu11 -g3 -DDEBUG -DUSE_HAL_DRIVER -DSTM32F746xx -c -I../Core/Inc -ID:/050_STM32/Repository/STM32Cube_FW_F7_V1.17.0/Drivers/STM32F7xx_HAL_Driver/Inc -ID:/050_STM32/Repository/STM32Cube_FW_F7_V1.17.0/Drivers/STM32F7xx_HAL_Driver/Inc/Legacy -ID:/050_STM32/Repository/STM32Cube_FW_F7_V1.17.0/Drivers/CMSIS/Device/ST/STM32F7xx/Include -ID:/050_STM32/Repository/STM32Cube_FW_F7_V1.17.0/Drivers/CMSIS/Include -O0 -ffunction-sections -fdata-sections -Wall -fstack-usage -fcyclomatic-complexity -MMD -MP -MF"Drivers/STM32F7xx_HAL_Driver/stm32f7xx_hal_pwr_ex.d" -MT"Drivers/STM32F7xx_HAL_Driver/stm32f7xx_hal_pwr_ex.o" --specs=nano.specs -mfpu=fpv5-sp-d16 -mfloat-abi=hard -mthumb -o "Drivers/STM32F7xx_HAL_Driver/stm32f7xx_hal_pwr_ex.o"
arm-none-eabi-gcc "D:/050_STM32/Repository/STM32Cube_FW_F7_V1.17.0/Drivers/STM32F7xx_HAL_Driver/Src/stm32f7xx_hal_rcc.c" -mcpu=cortex-m7 -std=gnu11 -g3 -DDEBUG -DUSE_HAL_DRIVER -DSTM32F746xx -c -I../Core/Inc -ID:/050_STM32/Repository/STM32Cube_FW_F7_V1.17.0/Drivers/STM32F7xx_HAL_Driver/Inc -ID:/050_STM32/Repository/STM32Cube_FW_F7_V1.17.0/Drivers/STM32F7xx_HAL_Driver/Inc/Legacy -ID:/050_STM32/Repository/STM32Cube_FW_F7_V1.17.0/Drivers/CMSIS/Device/ST/STM32F7xx/Include -ID:/050_STM32/Repository/STM32Cube_FW_F7_V1.17.0/Drivers/CMSIS/Include -O0 -ffunction-sections -fdata-sections -Wall -fstack-usage -fcyclomatic-complexity -MMD -MP -MF"Drivers/STM32F7xx_HAL_Driver/stm32f7xx_hal_rcc.d" -MT"Drivers/STM32F7xx_HAL_Driver/stm32f7xx_hal_rcc.o" --specs=nano.specs -mfpu=fpv5-sp-d16 -mfloat-abi=hard -mthumb -o "Drivers/STM32F7xx_HAL_Driver/stm32f7xx_hal_rcc.o"
arm-none-eabi-gcc "D:/050_STM32/Repository/STM32Cube_FW_F7_V1.17.0/Drivers/STM32F7xx_HAL_Driver/Src/stm32f7xx_hal_rcc_ex.c" -mcpu=cortex-m7 -std=gnu11 -g3 -DDEBUG -DUSE_HAL_DRIVER -DSTM32F746xx -c -I../Core/Inc -ID:/050_STM32/Repository/STM32Cube_FW_F7_V1.17.0/Drivers/STM32F7xx_HAL_Driver/Inc -ID:/050_STM32/Repository/STM32Cube_FW_F7_V1.17.0/Drivers/STM32F7xx_HAL_Driver/Inc/Legacy -ID:/050_STM32/Repository/STM32Cube_FW_F7_V1.17.0/Drivers/CMSIS/Device/ST/STM32F7xx/Include -ID:/050_STM32/Repository/STM32Cube_FW_F7_V1.17.0/Drivers/CMSIS/Include -O0 -ffunction-sections -fdata-sections -Wall -fstack-usage -fcyclomatic-complexity -MMD -MP -MF"Drivers/STM32F7xx_HAL_Driver/stm32f7xx_hal_rcc_ex.d" -MT"Drivers/STM32F7xx_HAL_Driver/stm32f7xx_hal_rcc_ex.o" --specs=nano.specs -mfpu=fpv5-sp-d16 -mfloat-abi=hard -mthumb -o "Drivers/STM32F7xx_HAL_Driver/stm32f7xx_hal_rcc_ex.o"
arm-none-eabi-gcc "D:/050_STM32/Repository/STM32Cube_FW_F7_V1.17.0/Drivers/STM32F7xx_HAL_Driver/Src/stm32f7xx_hal_tim.c" -mcpu=cortex-m7 -std=gnu11 -g3 -DDEBUG -DUSE_HAL_DRIVER -DSTM32F746xx -c -I../Core/Inc -ID:/050_STM32/Repository/STM32Cube_FW_F7_V1.17.0/Drivers/STM32F7xx_HAL_Driver/Inc -ID:/050_STM32/Repository/STM32Cube_FW_F7_V1.17.0/Drivers/STM32F7xx_HAL_Driver/Inc/Legacy -ID:/050_STM32/Repository/STM32Cube_FW_F7_V1.17.0/Drivers/CMSIS/Device/ST/STM32F7xx/Include -ID:/050_STM32/Repository/STM32Cube_FW_F7_V1.17.0/Drivers/CMSIS/Include -O0 -ffunction-sections -fdata-sections -Wall -fstack-usage -fcyclomatic-complexity -MMD -MP -MF"Drivers/STM32F7xx_HAL_Driver/stm32f7xx_hal_tim.d" -MT"Drivers/STM32F7xx_HAL_Driver/stm32f7xx_hal_tim.o" --specs=nano.specs -mfpu=fpv5-sp-d16 -mfloat-abi=hard -mthumb -o "Drivers/STM32F7xx_HAL_Driver/stm32f7xx_hal_tim.o"
arm-none-eabi-gcc "D:/050_STM32/Repository/STM32Cube_FW_F7_V1.17.0/Drivers/STM32F7xx_HAL_Driver/Src/stm32f7xx_hal_tim_ex.c" -mcpu=cortex-m7 -std=gnu11 -g3 -DDEBUG -DUSE_HAL_DRIVER -DSTM32F746xx -c -I../Core/Inc -ID:/050_STM32/Repository/STM32Cube_FW_F7_V1.17.0/Drivers/STM32F7xx_HAL_Driver/Inc -ID:/050_STM32/Repository/STM32Cube_FW_F7_V1.17.0/Drivers/STM32F7xx_HAL_Driver/Inc/Legacy -ID:/050_STM32/Repository/STM32Cube_FW_F7_V1.17.0/Drivers/CMSIS/Device/ST/STM32F7xx/Include -ID:/050_STM32/Repository/STM32Cube_FW_F7_V1.17.0/Drivers/CMSIS/Include -O0 -ffunction-sections -fdata-sections -Wall -fstack-usage -fcyclomatic-complexity -MMD -MP -MF"Drivers/STM32F7xx_HAL_Driver/stm32f7xx_hal_tim_ex.d" -MT"Drivers/STM32F7xx_HAL_Driver/stm32f7xx_hal_tim_ex.o" --specs=nano.specs -mfpu=fpv5-sp-d16 -mfloat-abi=hard -mthumb -o "Drivers/STM32F7xx_HAL_Driver/stm32f7xx_hal_tim_ex.o"
arm-none-eabi-gcc -mcpu=cortex-m7 -g3 -DDEBUG -c -x assembler-with-cpp -MMD -MP -MF"Core/Startup/startup_stm32f746zgtx.d" -MT"Core/Startup/startup_stm32f746zgtx.o" --specs=nano.specs -mfpu=fpv5-sp-d16 -mfloat-abi=hard -mthumb -o "Core/Startup/startup_stm32f746zgtx.o" "../Core/Startup/startup_stm32f746zgtx.s"
arm-none-eabi-gcc "../Core/Src/gpio.c" -mcpu=cortex-m7 -std=gnu11 -g3 -DDEBUG -DUSE_HAL_DRIVER -DSTM32F746xx -c -I../Core/Inc -ID:/050_STM32/Repository/STM32Cube_FW_F7_V1.17.0/Drivers/STM32F7xx_HAL_Driver/Inc -ID:/050_STM32/Repository/STM32Cube_FW_F7_V1.17.0/Drivers/STM32F7xx_HAL_Driver/Inc/Legacy -ID:/050_STM32/Repository/STM32Cube_FW_F7_V1.17.0/Drivers/CMSIS/Device/ST/STM32F7xx/Include -ID:/050_STM32/Repository/STM32Cube_FW_F7_V1.17.0/Drivers/CMSIS/Include -O0 -ffunction-sections -fdata-sections -Wall -fstack-usage -fcyclomatic-complexity -MMD -MP -MF"Core/Src/gpio.d" -MT"Core/Src/gpio.o" --specs=nano.specs -mfpu=fpv5-sp-d16 -mfloat-abi=hard -mthumb -o "Core/Src/gpio.o"
arm-none-eabi-gcc "../Core/Src/main.c" -mcpu=cortex-m7 -std=gnu11 -g3 -DDEBUG -DUSE_HAL_DRIVER -DSTM32F746xx -c -I../Core/Inc -ID:/050_STM32/Repository/STM32Cube_FW_F7_V1.17.0/Drivers/STM32F7xx_HAL_Driver/Inc -ID:/050_STM32/Repository/STM32Cube_FW_F7_V1.17.0/Drivers/STM32F7xx_HAL_Driver/Inc/Legacy -ID:/050_STM32/Repository/STM32Cube_FW_F7_V1.17.0/Drivers/CMSIS/Device/ST/STM32F7xx/Include -ID:/050_STM32/Repository/STM32Cube_FW_F7_V1.17.0/Drivers/CMSIS/Include -O0 -ffunction-sections -fdata-sections -Wall -fstack-usage -fcyclomatic-complexity -MMD -MP -MF"Core/Src/main.d" -MT"Core/Src/main.o" --specs=nano.specs -mfpu=fpv5-sp-d16 -mfloat-abi=hard -mthumb -o "Core/Src/main.o"
arm-none-eabi-gcc "../Core/Src/stm32f7xx_hal_msp.c" -mcpu=cortex-m7 -std=gnu11 -g3 -DDEBUG -DUSE_HAL_DRIVER -DSTM32F746xx -c -I../Core/Inc -ID:/050_STM32/Repository/STM32Cube_FW_F7_V1.17.0/Drivers/STM32F7xx_HAL_Driver/Inc -ID:/050_STM32/Repository/STM32Cube_FW_F7_V1.17.0/Drivers/STM32F7xx_HAL_Driver/Inc/Legacy -ID:/050_STM32/Repository/STM32Cube_FW_F7_V1.17.0/Drivers/CMSIS/Device/ST/STM32F7xx/Include -ID:/050_STM32/Repository/STM32Cube_FW_F7_V1.17.0/Drivers/CMSIS/Include -O0 -ffunction-sections -fdata-sections -Wall -fstack-usage -fcyclomatic-complexity -MMD -MP -MF"Core/Src/stm32f7xx_hal_msp.d" -MT"Core/Src/stm32f7xx_hal_msp.o" --specs=nano.specs -mfpu=fpv5-sp-d16 -mfloat-abi=hard -mthumb -o "Core/Src/stm32f7xx_hal_msp.o"
arm-none-eabi-gcc "../Core/Src/stm32f7xx_it.c" -mcpu=cortex-m7 -std=gnu11 -g3 -DDEBUG -DUSE_HAL_DRIVER -DSTM32F746xx -c -I../Core/Inc -ID:/050_STM32/Repository/STM32Cube_FW_F7_V1.17.0/Drivers/STM32F7xx_HAL_Driver/Inc -ID:/050_STM32/Repository/STM32Cube_FW_F7_V1.17.0/Drivers/STM32F7xx_HAL_Driver/Inc/Legacy -ID:/050_STM32/Repository/STM32Cube_FW_F7_V1.17.0/Drivers/CMSIS/Device/ST/STM32F7xx/Include -ID:/050_STM32/Repository/STM32Cube_FW_F7_V1.17.0/Drivers/CMSIS/Include -O0 -ffunction-sections -fdata-sections -Wall -fstack-usage -fcyclomatic-complexity -MMD -MP -MF"Core/Src/stm32f7xx_it.d" -MT"Core/Src/stm32f7xx_it.o" --specs=nano.specs -mfpu=fpv5-sp-d16 -mfloat-abi=hard -mthumb -o "Core/Src/stm32f7xx_it.o"
arm-none-eabi-gcc "../Core/Src/syscalls.c" -mcpu=cortex-m7 -std=gnu11 -g3 -DDEBUG -DUSE_HAL_DRIVER -DSTM32F746xx -c -I../Core/Inc -ID:/050_STM32/Repository/STM32Cube_FW_F7_V1.17.0/Drivers/STM32F7xx_HAL_Driver/Inc -ID:/050_STM32/Repository/STM32Cube_FW_F7_V1.17.0/Drivers/STM32F7xx_HAL_Driver/Inc/Legacy -ID:/050_STM32/Repository/STM32Cube_FW_F7_V1.17.0/Drivers/CMSIS/Device/ST/STM32F7xx/Include -ID:/050_STM32/Repository/STM32Cube_FW_F7_V1.17.0/Drivers/CMSIS/Include -O0 -ffunction-sections -fdata-sections -Wall -fstack-usage -fcyclomatic-complexity -MMD -MP -MF"Core/Src/syscalls.d" -MT"Core/Src/syscalls.o" --specs=nano.specs -mfpu=fpv5-sp-d16 -mfloat-abi=hard -mthumb -o "Core/Src/syscalls.o"
arm-none-eabi-gcc "../Core/Src/sysmem.c" -mcpu=cortex-m7 -std=gnu11 -g3 -DDEBUG -DUSE_HAL_DRIVER -DSTM32F746xx -c -I../Core/Inc -ID:/050_STM32/Repository/STM32Cube_FW_F7_V1.17.0/Drivers/STM32F7xx_HAL_Driver/Inc -ID:/050_STM32/Repository/STM32Cube_FW_F7_V1.17.0/Drivers/STM32F7xx_HAL_Driver/Inc/Legacy -ID:/050_STM32/Repository/STM32Cube_FW_F7_V1.17.0/Drivers/CMSIS/Device/ST/STM32F7xx/Include -ID:/050_STM32/Repository/STM32Cube_FW_F7_V1.17.0/Drivers/CMSIS/Include -O0 -ffunction-sections -fdata-sections -Wall -fstack-usage -fcyclomatic-complexity -MMD -MP -MF"Core/Src/sysmem.d" -MT"Core/Src/sysmem.o" --specs=nano.specs -mfpu=fpv5-sp-d16 -mfloat-abi=hard -mthumb -o "Core/Src/sysmem.o"
arm-none-eabi-gcc "../Core/Src/system_stm32f7xx.c" -mcpu=cortex-m7 -std=gnu11 -g3 -DDEBUG -DUSE_HAL_DRIVER -DSTM32F746xx -c -I../Core/Inc -ID:/050_STM32/Repository/STM32Cube_FW_F7_V1.17.0/Drivers/STM32F7xx_HAL_Driver/Inc -ID:/050_STM32/Repository/STM32Cube_FW_F7_V1.17.0/Drivers/STM32F7xx_HAL_Driver/Inc/Legacy -ID:/050_STM32/Repository/STM32Cube_FW_F7_V1.17.0/Drivers/CMSIS/Device/ST/STM32F7xx/Include -ID:/050_STM32/Repository/STM32Cube_FW_F7_V1.17.0/Drivers/CMSIS/Include -O0 -ffunction-sections -fdata-sections -Wall -fstack-usage -fcyclomatic-complexity -MMD -MP -MF"Core/Src/system_stm32f7xx.d" -MT"Core/Src/system_stm32f7xx.o" --specs=nano.specs -mfpu=fpv5-sp-d16 -mfloat-abi=hard -mthumb -o "Core/Src/system_stm32f7xx.o"
arm-none-eabi-gcc -o "001_GPIO_speedTest.elf" @"objects.list"   -mcpu=cortex-m7 -T"D:\__GitHub\nucleoF746\STM32CubeIDE\001_GPIO_speedTest\STM32F746ZGTX_FLASH.ld" --specs=nosys.specs -Wl,-Map="001_GPIO_speedTest.map" -Wl,--gc-sections -static --specs=nano.specs -mfpu=fpv5-sp-d16 -mfloat-abi=hard -mthumb -Wl,--start-group -lc -lm -Wl,--end-group
Finished building target: 001_GPIO_speedTest.elf
 
arm-none-eabi-size   001_GPIO_speedTest.elf 
arm-none-eabi-objdump -h -S  001_GPIO_speedTest.elf  > "001_GPIO_speedTest.list"
   text	   data	    bss	    dec	    hex	filename
   6920	     20	   1572	   8512	   2140	001_GPIO_speedTest.elf
Finished building: default.size.stdout
 
Finished building: 001_GPIO_speedTest.list
 
22:53:03 **** Clean-only build of configuration Debug for project 002_FMC_LCD_8_16 ****
make -j12 clean 
rm -rf ./loop/loop.cyclo ./loop/loop.d ./loop/loop.o ./loop/loop.su
rm -rf ./Drivers/STM32F7xx_HAL_Driver/stm32f7xx_hal.cyclo ./Drivers/STM32F7xx_HAL_Driver/stm32f7xx_hal.d ./Drivers/STM32F7xx_HAL_Driver/stm32f7xx_hal.o ./Drivers/STM32F7xx_HAL_Driver/stm32f7xx_hal.su ./Drivers/STM32F7xx_HAL_Driver/stm32f7xx_hal_cortex.cyclo ./Drivers/STM32F7xx_HAL_Driver/stm32f7xx_hal_cortex.d ./Drivers/STM32F7xx_HAL_Driver/stm32f7xx_hal_cortex.o ./Drivers/STM32F7xx_HAL_Driver/stm32f7xx_hal_cortex.su ./Drivers/STM32F7xx_HAL_Driver/stm32f7xx_hal_dma.cyclo ./Drivers/STM32F7xx_HAL_Driver/stm32f7xx_hal_dma.d ./Drivers/STM32F7xx_HAL_Driver/stm32f7xx_hal_dma.o ./Drivers/STM32F7xx_HAL_Driver/stm32f7xx_hal_dma.su ./Drivers/STM32F7xx_HAL_Driver/stm32f7xx_hal_dma_ex.cyclo ./Drivers/STM32F7xx_HAL_Driver/stm32f7xx_hal_dma_ex.d ./Drivers/STM32F7xx_HAL_Driver/stm32f7xx_hal_dma_ex.o ./Drivers/STM32F7xx_HAL_Driver/stm32f7xx_hal_dma_ex.su ./Drivers/STM32F7xx_HAL_Driver/stm32f7xx_hal_exti.cyclo ./Drivers/STM32F7xx_HAL_Driver/stm32f7xx_hal_exti.d ./Drivers/STM32F7xx_HAL_Driver/stm32f7xx_hal_exti.o ./Drivers/STM32F7xx_HAL_Driver/stm32f7xx_hal_exti.su ./Drivers/STM32F7xx_HAL_Driver/stm32f7xx_hal_flash.cyclo ./Drivers/STM32F7xx_HAL_Driver/stm32f7xx_hal_flash.d ./Drivers/STM32F7xx_HAL_Driver/stm32f7xx_hal_flash.o ./Drivers/STM32F7xx_HAL_Driver/stm32f7xx_hal_flash.su ./Drivers/STM32F7xx_HAL_Driver/stm32f7xx_hal_flash_ex.cyclo ./Drivers/STM32F7xx_HAL_Driver/stm32f7xx_hal_flash_ex.d ./Drivers/STM32F7xx_HAL_Driver/stm32f7xx_hal_flash_ex.o ./Drivers/STM32F7xx_HAL_Driver/stm32f7xx_hal_flash_ex.su ./Drivers/STM32F7xx_HAL_Driver/stm32f7xx_hal_gpio.cyclo ./Drivers/STM32F7xx_HAL_Driver/stm32f7xx_hal_gpio.d ./Drivers/STM32F7xx_HAL_Driver/stm32f7xx_hal_gpio.o ./Drivers/STM32F7xx_HAL_Driver/stm32f7xx_hal_gpio.su ./Drivers/STM32F7xx_HAL_Driver/stm32f7xx_hal_i2c.cyclo ./Drivers/STM32F7xx_HAL_Driver/stm32f7xx_hal_i2c.d ./Drivers/STM32F7xx_HAL_Driver/stm32f7xx_hal_i2c.o ./Drivers/STM32F7xx_HAL_Driver/stm32f7xx_hal_i2c.su ./Drivers/STM32F7xx_HAL_Driver/stm32f7xx_hal_i2c_ex.cyclo ./Drivers/STM32F7xx_HAL_Driver/stm32f7xx_hal_i2c_ex.d ./Drivers/STM32F7xx_HAL_Driver/stm32f7xx_hal_i2c_ex.o ./Drivers/STM32F7xx_HAL_Driver/stm32f7xx_hal_i2c_ex.su ./Drivers/STM32F7xx_HAL_Driver/stm32f7xx_hal_pwr.cyclo ./Drivers/STM32F7xx_HAL_Driver/stm32f7xx_hal_pwr.d ./Drivers/STM32F7xx_HAL_Driver/stm32f7xx_hal_pwr.o ./Drivers/STM32F7xx_HAL_Driver/stm32f7xx_hal_pwr.su ./Drivers/STM32F7xx_HAL_Driver/stm32f7xx_hal_pwr_ex.cyclo ./Drivers/STM32F7xx_HAL_Driver/stm32f7xx_hal_pwr_ex.d ./Drivers/STM32F7xx_HAL_Driver/stm32f7xx_hal_pwr_ex.o ./Drivers/STM32F7xx_HAL_Driver/stm32f7xx_hal_pwr_ex.su ./Drivers/STM32F7xx_HAL_Driver/stm32f7xx_hal_rcc.cyclo ./Drivers/STM32F7xx_HAL_Driver/stm32f7xx_hal_rcc.d ./Drivers/STM32F7xx_HAL_Driver/stm32f7xx_hal_rcc.o ./Drivers/STM32F7xx_HAL_Driver/stm32f7xx_hal_rcc.su ./Drivers/STM32F7xx_HAL_Driver/stm32f7xx_hal_rcc_ex.cyclo ./Drivers/STM32F7xx_HAL_Driver/stm32f7xx_hal_rcc_ex.d ./Drivers/STM32F7xx_HAL_Driver/stm32f7xx_hal_rcc_ex.o ./Drivers/STM32F7xx_HAL_Driver/stm32f7xx_hal_rcc_ex.su ./Drivers/STM32F7xx_HAL_Driver/stm32f7xx_hal_tim.cyclo ./Drivers/STM32F7xx_HAL_Driver/stm32f7xx_hal_tim.d ./Drivers/STM32F7xx_HAL_Driver/stm32f7xx_hal_tim.o ./Drivers/STM32F7xx_HAL_Driver/stm32f7xx_hal_tim.su ./Drivers/STM32F7xx_HAL_Driver/stm32f7xx_hal_tim_ex.cyclo ./Drivers/STM32F7xx_HAL_Driver/stm32f7xx_hal_tim_ex.d ./Drivers/STM32F7xx_HAL_Driver/stm32f7xx_hal_tim_ex.o ./Drivers/STM32F7xx_HAL_Driver/stm32f7xx_hal_tim_ex.su
rm -rf ./Core/Startup/startup_stm32f746zgtx.d ./Core/Startup/startup_stm32f746zgtx.o
rm -rf ./Core/Src/gpio.cyclo ./Core/Src/gpio.d ./Core/Src/gpio.o ./Core/Src/gpio.su ./Core/Src/main.cyclo ./Core/Src/main.d ./Core/Src/main.o ./Core/Src/main.su ./Core/Src/stm32f7xx_hal_msp.cyclo ./Core/Src/stm32f7xx_hal_msp.d ./Core/Src/stm32f7xx_hal_msp.o ./Core/Src/stm32f7xx_hal_msp.su ./Core/Src/stm32f7xx_it.cyclo ./Core/Src/stm32f7xx_it.d ./Core/Src/stm32f7xx_it.o ./Core/Src/stm32f7xx_it.su ./Core/Src/syscalls.cyclo ./Core/Src/syscalls.d ./Core/Src/syscalls.o ./Core/Src/syscalls.su ./Core/Src/sysmem.cyclo ./Core/Src/sysmem.d ./Core/Src/sysmem.o ./Core/Src/sysmem.su ./Core/Src/system_stm32f7xx.cyclo ./Core/Src/system_stm32f7xx.d ./Core/Src/system_stm32f7xx.o ./Core/Src/system_stm32f7xx.su
rm -rf default.size.stdout nucleoF746.elf nucleoF746.list nucleoF746.map
 
22:53:03 **** Clean-only build of configuration Debug for project 002_FMC_LCD_8_16 ****
make -j12 clean 
rm -rf ./loop/loop.cyclo ./loop/loop.d ./loop/loop.o ./loop/loop.su
rm -rf ./Drivers/STM32F7xx_HAL_Driver/stm32f7xx_hal.cyclo ./Drivers/STM32F7xx_HAL_Driver/stm32f7xx_hal.d ./Drivers/STM32F7xx_HAL_Driver/stm32f7xx_hal.o ./Drivers/STM32F7xx_HAL_Driver/stm32f7xx_hal.su ./Drivers/STM32F7xx_HAL_Driver/stm32f7xx_hal_cortex.cyclo ./Drivers/STM32F7xx_HAL_Driver/stm32f7xx_hal_cortex.d ./Drivers/STM32F7xx_HAL_Driver/stm32f7xx_hal_cortex.o ./Drivers/STM32F7xx_HAL_Driver/stm32f7xx_hal_cortex.su ./Drivers/STM32F7xx_HAL_Driver/stm32f7xx_hal_dma.cyclo ./Drivers/STM32F7xx_HAL_Driver/stm32f7xx_hal_dma.d ./Drivers/STM32F7xx_HAL_Driver/stm32f7xx_hal_dma.o ./Drivers/STM32F7xx_HAL_Driver/stm32f7xx_hal_dma.su ./Drivers/STM32F7xx_HAL_Driver/stm32f7xx_hal_dma_ex.cyclo ./Drivers/STM32F7xx_HAL_Driver/stm32f7xx_hal_dma_ex.d ./Drivers/STM32F7xx_HAL_Driver/stm32f7xx_hal_dma_ex.o ./Drivers/STM32F7xx_HAL_Driver/stm32f7xx_hal_dma_ex.su ./Drivers/STM32F7xx_HAL_Driver/stm32f7xx_hal_exti.cyclo ./Drivers/STM32F7xx_HAL_Driver/stm32f7xx_hal_exti.d ./Drivers/STM32F7xx_HAL_Driver/stm32f7xx_hal_exti.o ./Drivers/STM32F7xx_HAL_Driver/stm32f7xx_hal_exti.su ./Drivers/STM32F7xx_HAL_Driver/stm32f7xx_hal_flash.cyclo ./Drivers/STM32F7xx_HAL_Driver/stm32f7xx_hal_flash.d ./Drivers/STM32F7xx_HAL_Driver/stm32f7xx_hal_flash.o ./Drivers/STM32F7xx_HAL_Driver/stm32f7xx_hal_flash.su ./Drivers/STM32F7xx_HAL_Driver/stm32f7xx_hal_flash_ex.cyclo ./Drivers/STM32F7xx_HAL_Driver/stm32f7xx_hal_flash_ex.d ./Drivers/STM32F7xx_HAL_Driver/stm32f7xx_hal_flash_ex.o ./Drivers/STM32F7xx_HAL_Driver/stm32f7xx_hal_flash_ex.su ./Drivers/STM32F7xx_HAL_Driver/stm32f7xx_hal_gpio.cyclo ./Drivers/STM32F7xx_HAL_Driver/stm32f7xx_hal_gpio.d ./Drivers/STM32F7xx_HAL_Driver/stm32f7xx_hal_gpio.o ./Drivers/STM32F7xx_HAL_Driver/stm32f7xx_hal_gpio.su ./Drivers/STM32F7xx_HAL_Driver/stm32f7xx_hal_i2c.cyclo ./Drivers/STM32F7xx_HAL_Driver/stm32f7xx_hal_i2c.d ./Drivers/STM32F7xx_HAL_Driver/stm32f7xx_hal_i2c.o ./Drivers/STM32F7xx_HAL_Driver/stm32f7xx_hal_i2c.su ./Drivers/STM32F7xx_HAL_Driver/stm32f7xx_hal_i2c_ex.cyclo ./Drivers/STM32F7xx_HAL_Driver/stm32f7xx_hal_i2c_ex.d ./Drivers/STM32F7xx_HAL_Driver/stm32f7xx_hal_i2c_ex.o ./Drivers/STM32F7xx_HAL_Driver/stm32f7xx_hal_i2c_ex.su ./Drivers/STM32F7xx_HAL_Driver/stm32f7xx_hal_pwr.cyclo ./Drivers/STM32F7xx_HAL_Driver/stm32f7xx_hal_pwr.d ./Drivers/STM32F7xx_HAL_Driver/stm32f7xx_hal_pwr.o ./Drivers/STM32F7xx_HAL_Driver/stm32f7xx_hal_pwr.su ./Drivers/STM32F7xx_HAL_Driver/stm32f7xx_hal_pwr_ex.cyclo ./Drivers/STM32F7xx_HAL_Driver/stm32f7xx_hal_pwr_ex.d ./Drivers/STM32F7xx_HAL_Driver/stm32f7xx_hal_pwr_ex.o ./Drivers/STM32F7xx_HAL_Driver/stm32f7xx_hal_pwr_ex.su ./Drivers/STM32F7xx_HAL_Driver/stm32f7xx_hal_rcc.cyclo ./Drivers/STM32F7xx_HAL_Driver/stm32f7xx_hal_rcc.d ./Drivers/STM32F7xx_HAL_Driver/stm32f7xx_hal_rcc.o ./Drivers/STM32F7xx_HAL_Driver/stm32f7xx_hal_rcc.su ./Drivers/STM32F7xx_HAL_Driver/stm32f7xx_hal_rcc_ex.cyclo ./Drivers/STM32F7xx_HAL_Driver/stm32f7xx_hal_rcc_ex.d ./Drivers/STM32F7xx_HAL_Driver/stm32f7xx_hal_rcc_ex.o ./Drivers/STM32F7xx_HAL_Driver/stm32f7xx_hal_rcc_ex.su ./Drivers/STM32F7xx_HAL_Driver/stm32f7xx_hal_tim.cyclo ./Drivers/STM32F7xx_HAL_Driver/stm32f7xx_hal_tim.d ./Drivers/STM32F7xx_HAL_Driver/stm32f7xx_hal_tim.o ./Drivers/STM32F7xx_HAL_Driver/stm32f7xx_hal_tim.su ./Drivers/STM32F7xx_HAL_Driver/stm32f7xx_hal_tim_ex.cyclo ./Drivers/STM32F7xx_HAL_Driver/stm32f7xx_hal_tim_ex.d ./Drivers/STM32F7xx_HAL_Driver/stm32f7xx_hal_tim_ex.o ./Drivers/STM32F7xx_HAL_Driver/stm32f7xx_hal_tim_ex.su
rm -rf ./Core/Startup/startup_stm32f746zgtx.d ./Core/Startup/startup_stm32f746zgtx.o
rm -rf ./Core/Src/gpio.cyclo ./Core/Src/gpio.d ./Core/Src/gpio.o ./Core/Src/gpio.su ./Core/Src/main.cyclo ./Core/Src/main.d ./Core/Src/main.o ./Core/Src/main.su ./Core/Src/stm32f7xx_hal_msp.cyclo ./Core/Src/stm32f7xx_hal_msp.d ./Core/Src/stm32f7xx_hal_msp.o ./Core/Src/stm32f7xx_hal_msp.su ./Core/Src/stm32f7xx_it.cyclo ./Core/Src/stm32f7xx_it.d ./Core/Src/stm32f7xx_it.o ./Core/Src/stm32f7xx_it.su ./Core/Src/syscalls.cyclo ./Core/Src/syscalls.d ./Core/Src/syscalls.o ./Core/Src/syscalls.su ./Core/Src/sysmem.cyclo ./Core/Src/sysmem.d ./Core/Src/sysmem.o ./Core/Src/sysmem.su ./Core/Src/system_stm32f7xx.cyclo ./Core/Src/system_stm32f7xx.d ./Core/Src/system_stm32f7xx.o ./Core/Src/system_stm32f7xx.su
rm -rf default.size.stdout nucleoF746.elf nucleoF746.list nucleoF746.map
 
22:53:03 **** Build of configuration Debug for project 002_FMC_LCD_8_16 ****
make -j12 all 
arm-none-eabi-gcc "../loop/loop.c" -mcpu=cortex-m7 -std=gnu11 -g3 -DDEBUG -DUSE_HAL_DRIVER -DSTM32F746xx -c -I../Core/Inc -ID:/050_STM32/Repository/STM32Cube_FW_F7_V1.17.0/Drivers/STM32F7xx_HAL_Driver/Inc -ID:/050_STM32/Repository/STM32Cube_FW_F7_V1.17.0/Drivers/STM32F7xx_HAL_Driver/Inc/Legacy -ID:/050_STM32/Repository/STM32Cube_FW_F7_V1.17.0/Drivers/CMSIS/Device/ST/STM32F7xx/Include -ID:/050_STM32/Repository/STM32Cube_FW_F7_V1.17.0/Drivers/CMSIS/Include -O0 -ffunction-sections -fdata-sections -Wall -fstack-usage -fcyclomatic-complexity -MMD -MP -MF"loop/loop.d" -MT"loop/loop.o" --specs=nano.specs -mfpu=fpv5-sp-d16 -mfloat-abi=hard -mthumb -o "loop/loop.o"
arm-none-eabi-gcc "D:/050_STM32/Repository/STM32Cube_FW_F7_V1.17.0/Drivers/STM32F7xx_HAL_Driver/Src/stm32f7xx_hal.c" -mcpu=cortex-m7 -std=gnu11 -g3 -DDEBUG -DUSE_HAL_DRIVER -DSTM32F746xx -c -I../Core/Inc -ID:/050_STM32/Repository/STM32Cube_FW_F7_V1.17.0/Drivers/STM32F7xx_HAL_Driver/Inc -ID:/050_STM32/Repository/STM32Cube_FW_F7_V1.17.0/Drivers/STM32F7xx_HAL_Driver/Inc/Legacy -ID:/050_STM32/Repository/STM32Cube_FW_F7_V1.17.0/Drivers/CMSIS/Device/ST/STM32F7xx/Include -ID:/050_STM32/Repository/STM32Cube_FW_F7_V1.17.0/Drivers/CMSIS/Include -O0 -ffunction-sections -fdata-sections -Wall -fstack-usage -fcyclomatic-complexity -MMD -MP -MF"Drivers/STM32F7xx_HAL_Driver/stm32f7xx_hal.d" -MT"Drivers/STM32F7xx_HAL_Driver/stm32f7xx_hal.o" --specs=nano.specs -mfpu=fpv5-sp-d16 -mfloat-abi=hard -mthumb -o "Drivers/STM32F7xx_HAL_Driver/stm32f7xx_hal.o"
arm-none-eabi-gcc "D:/050_STM32/Repository/STM32Cube_FW_F7_V1.17.0/Drivers/STM32F7xx_HAL_Driver/Src/stm32f7xx_hal_cortex.c" -mcpu=cortex-m7 -std=gnu11 -g3 -DDEBUG -DUSE_HAL_DRIVER -DSTM32F746xx -c -I../Core/Inc -ID:/050_STM32/Repository/STM32Cube_FW_F7_V1.17.0/Drivers/STM32F7xx_HAL_Driver/Inc -ID:/050_STM32/Repository/STM32Cube_FW_F7_V1.17.0/Drivers/STM32F7xx_HAL_Driver/Inc/Legacy -ID:/050_STM32/Repository/STM32Cube_FW_F7_V1.17.0/Drivers/CMSIS/Device/ST/STM32F7xx/Include -ID:/050_STM32/Repository/STM32Cube_FW_F7_V1.17.0/Drivers/CMSIS/Include -O0 -ffunction-sections -fdata-sections -Wall -fstack-usage -fcyclomatic-complexity -MMD -MP -MF"Drivers/STM32F7xx_HAL_Driver/stm32f7xx_hal_cortex.d" -MT"Drivers/STM32F7xx_HAL_Driver/stm32f7xx_hal_cortex.o" --specs=nano.specs -mfpu=fpv5-sp-d16 -mfloat-abi=hard -mthumb -o "Drivers/STM32F7xx_HAL_Driver/stm32f7xx_hal_cortex.o"
arm-none-eabi-gcc "D:/050_STM32/Repository/STM32Cube_FW_F7_V1.17.0/Drivers/STM32F7xx_HAL_Driver/Src/stm32f7xx_hal_dma.c" -mcpu=cortex-m7 -std=gnu11 -g3 -DDEBUG -DUSE_HAL_DRIVER -DSTM32F746xx -c -I../Core/Inc -ID:/050_STM32/Repository/STM32Cube_FW_F7_V1.17.0/Drivers/STM32F7xx_HAL_Driver/Inc -ID:/050_STM32/Repository/STM32Cube_FW_F7_V1.17.0/Drivers/STM32F7xx_HAL_Driver/Inc/Legacy -ID:/050_STM32/Repository/STM32Cube_FW_F7_V1.17.0/Drivers/CMSIS/Device/ST/STM32F7xx/Include -ID:/050_STM32/Repository/STM32Cube_FW_F7_V1.17.0/Drivers/CMSIS/Include -O0 -ffunction-sections -fdata-sections -Wall -fstack-usage -fcyclomatic-complexity -MMD -MP -MF"Drivers/STM32F7xx_HAL_Driver/stm32f7xx_hal_dma.d" -MT"Drivers/STM32F7xx_HAL_Driver/stm32f7xx_hal_dma.o" --specs=nano.specs -mfpu=fpv5-sp-d16 -mfloat-abi=hard -mthumb -o "Drivers/STM32F7xx_HAL_Driver/stm32f7xx_hal_dma.o"
arm-none-eabi-gcc "D:/050_STM32/Repository/STM32Cube_FW_F7_V1.17.0/Drivers/STM32F7xx_HAL_Driver/Src/stm32f7xx_hal_dma_ex.c" -mcpu=cortex-m7 -std=gnu11 -g3 -DDEBUG -DUSE_HAL_DRIVER -DSTM32F746xx -c -I../Core/Inc -ID:/050_STM32/Repository/STM32Cube_FW_F7_V1.17.0/Drivers/STM32F7xx_HAL_Driver/Inc -ID:/050_STM32/Repository/STM32Cube_FW_F7_V1.17.0/Drivers/STM32F7xx_HAL_Driver/Inc/Legacy -ID:/050_STM32/Repository/STM32Cube_FW_F7_V1.17.0/Drivers/CMSIS/Device/ST/STM32F7xx/Include -ID:/050_STM32/Repository/STM32Cube_FW_F7_V1.17.0/Drivers/CMSIS/Include -O0 -ffunction-sections -fdata-sections -Wall -fstack-usage -fcyclomatic-complexity -MMD -MP -MF"Drivers/STM32F7xx_HAL_Driver/stm32f7xx_hal_dma_ex.d" -MT"Drivers/STM32F7xx_HAL_Driver/stm32f7xx_hal_dma_ex.o" --specs=nano.specs -mfpu=fpv5-sp-d16 -mfloat-abi=hard -mthumb -o "Drivers/STM32F7xx_HAL_Driver/stm32f7xx_hal_dma_ex.o"
arm-none-eabi-gcc "D:/050_STM32/Repository/STM32Cube_FW_F7_V1.17.0/Drivers/STM32F7xx_HAL_Driver/Src/stm32f7xx_hal_exti.c" -mcpu=cortex-m7 -std=gnu11 -g3 -DDEBUG -DUSE_HAL_DRIVER -DSTM32F746xx -c -I../Core/Inc -ID:/050_STM32/Repository/STM32Cube_FW_F7_V1.17.0/Drivers/STM32F7xx_HAL_Driver/Inc -ID:/050_STM32/Repository/STM32Cube_FW_F7_V1.17.0/Drivers/STM32F7xx_HAL_Driver/Inc/Legacy -ID:/050_STM32/Repository/STM32Cube_FW_F7_V1.17.0/Drivers/CMSIS/Device/ST/STM32F7xx/Include -ID:/050_STM32/Repository/STM32Cube_FW_F7_V1.17.0/Drivers/CMSIS/Include -O0 -ffunction-sections -fdata-sections -Wall -fstack-usage -fcyclomatic-complexity -MMD -MP -MF"Drivers/STM32F7xx_HAL_Driver/stm32f7xx_hal_exti.d" -MT"Drivers/STM32F7xx_HAL_Driver/stm32f7xx_hal_exti.o" --specs=nano.specs -mfpu=fpv5-sp-d16 -mfloat-abi=hard -mthumb -o "Drivers/STM32F7xx_HAL_Driver/stm32f7xx_hal_exti.o"
arm-none-eabi-gcc "D:/050_STM32/Repository/STM32Cube_FW_F7_V1.17.0/Drivers/STM32F7xx_HAL_Driver/Src/stm32f7xx_hal_flash.c" -mcpu=cortex-m7 -std=gnu11 -g3 -DDEBUG -DUSE_HAL_DRIVER -DSTM32F746xx -c -I../Core/Inc -ID:/050_STM32/Repository/STM32Cube_FW_F7_V1.17.0/Drivers/STM32F7xx_HAL_Driver/Inc -ID:/050_STM32/Repository/STM32Cube_FW_F7_V1.17.0/Drivers/STM32F7xx_HAL_Driver/Inc/Legacy -ID:/050_STM32/Repository/STM32Cube_FW_F7_V1.17.0/Drivers/CMSIS/Device/ST/STM32F7xx/Include -ID:/050_STM32/Repository/STM32Cube_FW_F7_V1.17.0/Drivers/CMSIS/Include -O0 -ffunction-sections -fdata-sections -Wall -fstack-usage -fcyclomatic-complexity -MMD -MP -MF"Drivers/STM32F7xx_HAL_Driver/stm32f7xx_hal_flash.d" -MT"Drivers/STM32F7xx_HAL_Driver/stm32f7xx_hal_flash.o" --specs=nano.specs -mfpu=fpv5-sp-d16 -mfloat-abi=hard -mthumb -o "Drivers/STM32F7xx_HAL_Driver/stm32f7xx_hal_flash.o"
arm-none-eabi-gcc "D:/050_STM32/Repository/STM32Cube_FW_F7_V1.17.0/Drivers/STM32F7xx_HAL_Driver/Src/stm32f7xx_hal_flash_ex.c" -mcpu=cortex-m7 -std=gnu11 -g3 -DDEBUG -DUSE_HAL_DRIVER -DSTM32F746xx -c -I../Core/Inc -ID:/050_STM32/Repository/STM32Cube_FW_F7_V1.17.0/Drivers/STM32F7xx_HAL_Driver/Inc -ID:/050_STM32/Repository/STM32Cube_FW_F7_V1.17.0/Drivers/STM32F7xx_HAL_Driver/Inc/Legacy -ID:/050_STM32/Repository/STM32Cube_FW_F7_V1.17.0/Drivers/CMSIS/Device/ST/STM32F7xx/Include -ID:/050_STM32/Repository/STM32Cube_FW_F7_V1.17.0/Drivers/CMSIS/Include -O0 -ffunction-sections -fdata-sections -Wall -fstack-usage -fcyclomatic-complexity -MMD -MP -MF"Drivers/STM32F7xx_HAL_Driver/stm32f7xx_hal_flash_ex.d" -MT"Drivers/STM32F7xx_HAL_Driver/stm32f7xx_hal_flash_ex.o" --specs=nano.specs -mfpu=fpv5-sp-d16 -mfloat-abi=hard -mthumb -o "Drivers/STM32F7xx_HAL_Driver/stm32f7xx_hal_flash_ex.o"
arm-none-eabi-gcc "D:/050_STM32/Repository/STM32Cube_FW_F7_V1.17.0/Drivers/STM32F7xx_HAL_Driver/Src/stm32f7xx_hal_gpio.c" -mcpu=cortex-m7 -std=gnu11 -g3 -DDEBUG -DUSE_HAL_DRIVER -DSTM32F746xx -c -I../Core/Inc -ID:/050_STM32/Repository/STM32Cube_FW_F7_V1.17.0/Drivers/STM32F7xx_HAL_Driver/Inc -ID:/050_STM32/Repository/STM32Cube_FW_F7_V1.17.0/Drivers/STM32F7xx_HAL_Driver/Inc/Legacy -ID:/050_STM32/Repository/STM32Cube_FW_F7_V1.17.0/Drivers/CMSIS/Device/ST/STM32F7xx/Include -ID:/050_STM32/Repository/STM32Cube_FW_F7_V1.17.0/Drivers/CMSIS/Include -O0 -ffunction-sections -fdata-sections -Wall -fstack-usage -fcyclomatic-complexity -MMD -MP -MF"Drivers/STM32F7xx_HAL_Driver/stm32f7xx_hal_gpio.d" -MT"Drivers/STM32F7xx_HAL_Driver/stm32f7xx_hal_gpio.o" --specs=nano.specs -mfpu=fpv5-sp-d16 -mfloat-abi=hard -mthumb -o "Drivers/STM32F7xx_HAL_Driver/stm32f7xx_hal_gpio.o"
arm-none-eabi-gcc "D:/050_STM32/Repository/STM32Cube_FW_F7_V1.17.0/Drivers/STM32F7xx_HAL_Driver/Src/stm32f7xx_hal_i2c.c" -mcpu=cortex-m7 -std=gnu11 -g3 -DDEBUG -DUSE_HAL_DRIVER -DSTM32F746xx -c -I../Core/Inc -ID:/050_STM32/Repository/STM32Cube_FW_F7_V1.17.0/Drivers/STM32F7xx_HAL_Driver/Inc -ID:/050_STM32/Repository/STM32Cube_FW_F7_V1.17.0/Drivers/STM32F7xx_HAL_Driver/Inc/Legacy -ID:/050_STM32/Repository/STM32Cube_FW_F7_V1.17.0/Drivers/CMSIS/Device/ST/STM32F7xx/Include -ID:/050_STM32/Repository/STM32Cube_FW_F7_V1.17.0/Drivers/CMSIS/Include -O0 -ffunction-sections -fdata-sections -Wall -fstack-usage -fcyclomatic-complexity -MMD -MP -MF"Drivers/STM32F7xx_HAL_Driver/stm32f7xx_hal_i2c.d" -MT"Drivers/STM32F7xx_HAL_Driver/stm32f7xx_hal_i2c.o" --specs=nano.specs -mfpu=fpv5-sp-d16 -mfloat-abi=hard -mthumb -o "Drivers/STM32F7xx_HAL_Driver/stm32f7xx_hal_i2c.o"
arm-none-eabi-gcc "D:/050_STM32/Repository/STM32Cube_FW_F7_V1.17.0/Drivers/STM32F7xx_HAL_Driver/Src/stm32f7xx_hal_i2c_ex.c" -mcpu=cortex-m7 -std=gnu11 -g3 -DDEBUG -DUSE_HAL_DRIVER -DSTM32F746xx -c -I../Core/Inc -ID:/050_STM32/Repository/STM32Cube_FW_F7_V1.17.0/Drivers/STM32F7xx_HAL_Driver/Inc -ID:/050_STM32/Repository/STM32Cube_FW_F7_V1.17.0/Drivers/STM32F7xx_HAL_Driver/Inc/Legacy -ID:/050_STM32/Repository/STM32Cube_FW_F7_V1.17.0/Drivers/CMSIS/Device/ST/STM32F7xx/Include -ID:/050_STM32/Repository/STM32Cube_FW_F7_V1.17.0/Drivers/CMSIS/Include -O0 -ffunction-sections -fdata-sections -Wall -fstack-usage -fcyclomatic-complexity -MMD -MP -MF"Drivers/STM32F7xx_HAL_Driver/stm32f7xx_hal_i2c_ex.d" -MT"Drivers/STM32F7xx_HAL_Driver/stm32f7xx_hal_i2c_ex.o" --specs=nano.specs -mfpu=fpv5-sp-d16 -mfloat-abi=hard -mthumb -o "Drivers/STM32F7xx_HAL_Driver/stm32f7xx_hal_i2c_ex.o"
arm-none-eabi-gcc "D:/050_STM32/Repository/STM32Cube_FW_F7_V1.17.0/Drivers/STM32F7xx_HAL_Driver/Src/stm32f7xx_hal_pwr.c" -mcpu=cortex-m7 -std=gnu11 -g3 -DDEBUG -DUSE_HAL_DRIVER -DSTM32F746xx -c -I../Core/Inc -ID:/050_STM32/Repository/STM32Cube_FW_F7_V1.17.0/Drivers/STM32F7xx_HAL_Driver/Inc -ID:/050_STM32/Repository/STM32Cube_FW_F7_V1.17.0/Drivers/STM32F7xx_HAL_Driver/Inc/Legacy -ID:/050_STM32/Repository/STM32Cube_FW_F7_V1.17.0/Drivers/CMSIS/Device/ST/STM32F7xx/Include -ID:/050_STM32/Repository/STM32Cube_FW_F7_V1.17.0/Drivers/CMSIS/Include -O0 -ffunction-sections -fdata-sections -Wall -fstack-usage -fcyclomatic-complexity -MMD -MP -MF"Drivers/STM32F7xx_HAL_Driver/stm32f7xx_hal_pwr.d" -MT"Drivers/STM32F7xx_HAL_Driver/stm32f7xx_hal_pwr.o" --specs=nano.specs -mfpu=fpv5-sp-d16 -mfloat-abi=hard -mthumb -o "Drivers/STM32F7xx_HAL_Driver/stm32f7xx_hal_pwr.o"
arm-none-eabi-gcc "D:/050_STM32/Repository/STM32Cube_FW_F7_V1.17.0/Drivers/STM32F7xx_HAL_Driver/Src/stm32f7xx_hal_pwr_ex.c" -mcpu=cortex-m7 -std=gnu11 -g3 -DDEBUG -DUSE_HAL_DRIVER -DSTM32F746xx -c -I../Core/Inc -ID:/050_STM32/Repository/STM32Cube_FW_F7_V1.17.0/Drivers/STM32F7xx_HAL_Driver/Inc -ID:/050_STM32/Repository/STM32Cube_FW_F7_V1.17.0/Drivers/STM32F7xx_HAL_Driver/Inc/Legacy -ID:/050_STM32/Repository/STM32Cube_FW_F7_V1.17.0/Drivers/CMSIS/Device/ST/STM32F7xx/Include -ID:/050_STM32/Repository/STM32Cube_FW_F7_V1.17.0/Drivers/CMSIS/Include -O0 -ffunction-sections -fdata-sections -Wall -fstack-usage -fcyclomatic-complexity -MMD -MP -MF"Drivers/STM32F7xx_HAL_Driver/stm32f7xx_hal_pwr_ex.d" -MT"Drivers/STM32F7xx_HAL_Driver/stm32f7xx_hal_pwr_ex.o" --specs=nano.specs -mfpu=fpv5-sp-d16 -mfloat-abi=hard -mthumb -o "Drivers/STM32F7xx_HAL_Driver/stm32f7xx_hal_pwr_ex.o"
arm-none-eabi-gcc "D:/050_STM32/Repository/STM32Cube_FW_F7_V1.17.0/Drivers/STM32F7xx_HAL_Driver/Src/stm32f7xx_hal_rcc.c" -mcpu=cortex-m7 -std=gnu11 -g3 -DDEBUG -DUSE_HAL_DRIVER -DSTM32F746xx -c -I../Core/Inc -ID:/050_STM32/Repository/STM32Cube_FW_F7_V1.17.0/Drivers/STM32F7xx_HAL_Driver/Inc -ID:/050_STM32/Repository/STM32Cube_FW_F7_V1.17.0/Drivers/STM32F7xx_HAL_Driver/Inc/Legacy -ID:/050_STM32/Repository/STM32Cube_FW_F7_V1.17.0/Drivers/CMSIS/Device/ST/STM32F7xx/Include -ID:/050_STM32/Repository/STM32Cube_FW_F7_V1.17.0/Drivers/CMSIS/Include -O0 -ffunction-sections -fdata-sections -Wall -fstack-usage -fcyclomatic-complexity -MMD -MP -MF"Drivers/STM32F7xx_HAL_Driver/stm32f7xx_hal_rcc.d" -MT"Drivers/STM32F7xx_HAL_Driver/stm32f7xx_hal_rcc.o" --specs=nano.specs -mfpu=fpv5-sp-d16 -mfloat-abi=hard -mthumb -o "Drivers/STM32F7xx_HAL_Driver/stm32f7xx_hal_rcc.o"
arm-none-eabi-gcc "D:/050_STM32/Repository/STM32Cube_FW_F7_V1.17.0/Drivers/STM32F7xx_HAL_Driver/Src/stm32f7xx_hal_rcc_ex.c" -mcpu=cortex-m7 -std=gnu11 -g3 -DDEBUG -DUSE_HAL_DRIVER -DSTM32F746xx -c -I../Core/Inc -ID:/050_STM32/Repository/STM32Cube_FW_F7_V1.17.0/Drivers/STM32F7xx_HAL_Driver/Inc -ID:/050_STM32/Repository/STM32Cube_FW_F7_V1.17.0/Drivers/STM32F7xx_HAL_Driver/Inc/Legacy -ID:/050_STM32/Repository/STM32Cube_FW_F7_V1.17.0/Drivers/CMSIS/Device/ST/STM32F7xx/Include -ID:/050_STM32/Repository/STM32Cube_FW_F7_V1.17.0/Drivers/CMSIS/Include -O0 -ffunction-sections -fdata-sections -Wall -fstack-usage -fcyclomatic-complexity -MMD -MP -MF"Drivers/STM32F7xx_HAL_Driver/stm32f7xx_hal_rcc_ex.d" -MT"Drivers/STM32F7xx_HAL_Driver/stm32f7xx_hal_rcc_ex.o" --specs=nano.specs -mfpu=fpv5-sp-d16 -mfloat-abi=hard -mthumb -o "Drivers/STM32F7xx_HAL_Driver/stm32f7xx_hal_rcc_ex.o"
arm-none-eabi-gcc "D:/050_STM32/Repository/STM32Cube_FW_F7_V1.17.0/Drivers/STM32F7xx_HAL_Driver/Src/stm32f7xx_hal_tim.c" -mcpu=cortex-m7 -std=gnu11 -g3 -DDEBUG -DUSE_HAL_DRIVER -DSTM32F746xx -c -I../Core/Inc -ID:/050_STM32/Repository/STM32Cube_FW_F7_V1.17.0/Drivers/STM32F7xx_HAL_Driver/Inc -ID:/050_STM32/Repository/STM32Cube_FW_F7_V1.17.0/Drivers/STM32F7xx_HAL_Driver/Inc/Legacy -ID:/050_STM32/Repository/STM32Cube_FW_F7_V1.17.0/Drivers/CMSIS/Device/ST/STM32F7xx/Include -ID:/050_STM32/Repository/STM32Cube_FW_F7_V1.17.0/Drivers/CMSIS/Include -O0 -ffunction-sections -fdata-sections -Wall -fstack-usage -fcyclomatic-complexity -MMD -MP -MF"Drivers/STM32F7xx_HAL_Driver/stm32f7xx_hal_tim.d" -MT"Drivers/STM32F7xx_HAL_Driver/stm32f7xx_hal_tim.o" --specs=nano.specs -mfpu=fpv5-sp-d16 -mfloat-abi=hard -mthumb -o "Drivers/STM32F7xx_HAL_Driver/stm32f7xx_hal_tim.o"
arm-none-eabi-gcc "D:/050_STM32/Repository/STM32Cube_FW_F7_V1.17.0/Drivers/STM32F7xx_HAL_Driver/Src/stm32f7xx_hal_tim_ex.c" -mcpu=cortex-m7 -std=gnu11 -g3 -DDEBUG -DUSE_HAL_DRIVER -DSTM32F746xx -c -I../Core/Inc -ID:/050_STM32/Repository/STM32Cube_FW_F7_V1.17.0/Drivers/STM32F7xx_HAL_Driver/Inc -ID:/050_STM32/Repository/STM32Cube_FW_F7_V1.17.0/Drivers/STM32F7xx_HAL_Driver/Inc/Legacy -ID:/050_STM32/Repository/STM32Cube_FW_F7_V1.17.0/Drivers/CMSIS/Device/ST/STM32F7xx/Include -ID:/050_STM32/Repository/STM32Cube_FW_F7_V1.17.0/Drivers/CMSIS/Include -O0 -ffunction-sections -fdata-sections -Wall -fstack-usage -fcyclomatic-complexity -MMD -MP -MF"Drivers/STM32F7xx_HAL_Driver/stm32f7xx_hal_tim_ex.d" -MT"Drivers/STM32F7xx_HAL_Driver/stm32f7xx_hal_tim_ex.o" --specs=nano.specs -mfpu=fpv5-sp-d16 -mfloat-abi=hard -mthumb -o "Drivers/STM32F7xx_HAL_Driver/stm32f7xx_hal_tim_ex.o"
arm-none-eabi-gcc -mcpu=cortex-m7 -g3 -DDEBUG -c -x assembler-with-cpp -MMD -MP -MF"Core/Startup/startup_stm32f746zgtx.d" -MT"Core/Startup/startup_stm32f746zgtx.o" --specs=nano.specs -mfpu=fpv5-sp-d16 -mfloat-abi=hard -mthumb -o "Core/Startup/startup_stm32f746zgtx.o" "../Core/Startup/startup_stm32f746zgtx.s"
arm-none-eabi-gcc "../Core/Src/gpio.c" -mcpu=cortex-m7 -std=gnu11 -g3 -DDEBUG -DUSE_HAL_DRIVER -DSTM32F746xx -c -I../Core/Inc -ID:/050_STM32/Repository/STM32Cube_FW_F7_V1.17.0/Drivers/STM32F7xx_HAL_Driver/Inc -ID:/050_STM32/Repository/STM32Cube_FW_F7_V1.17.0/Drivers/STM32F7xx_HAL_Driver/Inc/Legacy -ID:/050_STM32/Repository/STM32Cube_FW_F7_V1.17.0/Drivers/CMSIS/Device/ST/STM32F7xx/Include -ID:/050_STM32/Repository/STM32Cube_FW_F7_V1.17.0/Drivers/CMSIS/Include -O0 -ffunction-sections -fdata-sections -Wall -fstack-usage -fcyclomatic-complexity -MMD -MP -MF"Core/Src/gpio.d" -MT"Core/Src/gpio.o" --specs=nano.specs -mfpu=fpv5-sp-d16 -mfloat-abi=hard -mthumb -o "Core/Src/gpio.o"
arm-none-eabi-gcc "../Core/Src/main.c" -mcpu=cortex-m7 -std=gnu11 -g3 -DDEBUG -DUSE_HAL_DRIVER -DSTM32F746xx -c -I../Core/Inc -ID:/050_STM32/Repository/STM32Cube_FW_F7_V1.17.0/Drivers/STM32F7xx_HAL_Driver/Inc -ID:/050_STM32/Repository/STM32Cube_FW_F7_V1.17.0/Drivers/STM32F7xx_HAL_Driver/Inc/Legacy -ID:/050_STM32/Repository/STM32Cube_FW_F7_V1.17.0/Drivers/CMSIS/Device/ST/STM32F7xx/Include -ID:/050_STM32/Repository/STM32Cube_FW_F7_V1.17.0/Drivers/CMSIS/Include -O0 -ffunction-sections -fdata-sections -Wall -fstack-usage -fcyclomatic-complexity -MMD -MP -MF"Core/Src/main.d" -MT"Core/Src/main.o" --specs=nano.specs -mfpu=fpv5-sp-d16 -mfloat-abi=hard -mthumb -o "Core/Src/main.o"
arm-none-eabi-gcc "../Core/Src/stm32f7xx_hal_msp.c" -mcpu=cortex-m7 -std=gnu11 -g3 -DDEBUG -DUSE_HAL_DRIVER -DSTM32F746xx -c -I../Core/Inc -ID:/050_STM32/Repository/STM32Cube_FW_F7_V1.17.0/Drivers/STM32F7xx_HAL_Driver/Inc -ID:/050_STM32/Repository/STM32Cube_FW_F7_V1.17.0/Drivers/STM32F7xx_HAL_Driver/Inc/Legacy -ID:/050_STM32/Repository/STM32Cube_FW_F7_V1.17.0/Drivers/CMSIS/Device/ST/STM32F7xx/Include -ID:/050_STM32/Repository/STM32Cube_FW_F7_V1.17.0/Drivers/CMSIS/Include -O0 -ffunction-sections -fdata-sections -Wall -fstack-usage -fcyclomatic-complexity -MMD -MP -MF"Core/Src/stm32f7xx_hal_msp.d" -MT"Core/Src/stm32f7xx_hal_msp.o" --specs=nano.specs -mfpu=fpv5-sp-d16 -mfloat-abi=hard -mthumb -o "Core/Src/stm32f7xx_hal_msp.o"
arm-none-eabi-gcc "../Core/Src/stm32f7xx_it.c" -mcpu=cortex-m7 -std=gnu11 -g3 -DDEBUG -DUSE_HAL_DRIVER -DSTM32F746xx -c -I../Core/Inc -ID:/050_STM32/Repository/STM32Cube_FW_F7_V1.17.0/Drivers/STM32F7xx_HAL_Driver/Inc -ID:/050_STM32/Repository/STM32Cube_FW_F7_V1.17.0/Drivers/STM32F7xx_HAL_Driver/Inc/Legacy -ID:/050_STM32/Repository/STM32Cube_FW_F7_V1.17.0/Drivers/CMSIS/Device/ST/STM32F7xx/Include -ID:/050_STM32/Repository/STM32Cube_FW_F7_V1.17.0/Drivers/CMSIS/Include -O0 -ffunction-sections -fdata-sections -Wall -fstack-usage -fcyclomatic-complexity -MMD -MP -MF"Core/Src/stm32f7xx_it.d" -MT"Core/Src/stm32f7xx_it.o" --specs=nano.specs -mfpu=fpv5-sp-d16 -mfloat-abi=hard -mthumb -o "Core/Src/stm32f7xx_it.o"
arm-none-eabi-gcc "../Core/Src/syscalls.c" -mcpu=cortex-m7 -std=gnu11 -g3 -DDEBUG -DUSE_HAL_DRIVER -DSTM32F746xx -c -I../Core/Inc -ID:/050_STM32/Repository/STM32Cube_FW_F7_V1.17.0/Drivers/STM32F7xx_HAL_Driver/Inc -ID:/050_STM32/Repository/STM32Cube_FW_F7_V1.17.0/Drivers/STM32F7xx_HAL_Driver/Inc/Legacy -ID:/050_STM32/Repository/STM32Cube_FW_F7_V1.17.0/Drivers/CMSIS/Device/ST/STM32F7xx/Include -ID:/050_STM32/Repository/STM32Cube_FW_F7_V1.17.0/Drivers/CMSIS/Include -O0 -ffunction-sections -fdata-sections -Wall -fstack-usage -fcyclomatic-complexity -MMD -MP -MF"Core/Src/syscalls.d" -MT"Core/Src/syscalls.o" --specs=nano.specs -mfpu=fpv5-sp-d16 -mfloat-abi=hard -mthumb -o "Core/Src/syscalls.o"
arm-none-eabi-gcc "../Core/Src/sysmem.c" -mcpu=cortex-m7 -std=gnu11 -g3 -DDEBUG -DUSE_HAL_DRIVER -DSTM32F746xx -c -I../Core/Inc -ID:/050_STM32/Repository/STM32Cube_FW_F7_V1.17.0/Drivers/STM32F7xx_HAL_Driver/Inc -ID:/050_STM32/Repository/STM32Cube_FW_F7_V1.17.0/Drivers/STM32F7xx_HAL_Driver/Inc/Legacy -ID:/050_STM32/Repository/STM32Cube_FW_F7_V1.17.0/Drivers/CMSIS/Device/ST/STM32F7xx/Include -ID:/050_STM32/Repository/STM32Cube_FW_F7_V1.17.0/Drivers/CMSIS/Include -O0 -ffunction-sections -fdata-sections -Wall -fstack-usage -fcyclomatic-complexity -MMD -MP -MF"Core/Src/sysmem.d" -MT"Core/Src/sysmem.o" --specs=nano.specs -mfpu=fpv5-sp-d16 -mfloat-abi=hard -mthumb -o "Core/Src/sysmem.o"
arm-none-eabi-gcc "../Core/Src/system_stm32f7xx.c" -mcpu=cortex-m7 -std=gnu11 -g3 -DDEBUG -DUSE_HAL_DRIVER -DSTM32F746xx -c -I../Core/Inc -ID:/050_STM32/Repository/STM32Cube_FW_F7_V1.17.0/Drivers/STM32F7xx_HAL_Driver/Inc -ID:/050_STM32/Repository/STM32Cube_FW_F7_V1.17.0/Drivers/STM32F7xx_HAL_Driver/Inc/Legacy -ID:/050_STM32/Repository/STM32Cube_FW_F7_V1.17.0/Drivers/CMSIS/Device/ST/STM32F7xx/Include -ID:/050_STM32/Repository/STM32Cube_FW_F7_V1.17.0/Drivers/CMSIS/Include -O0 -ffunction-sections -fdata-sections -Wall -fstack-usage -fcyclomatic-complexity -MMD -MP -MF"Core/Src/system_stm32f7xx.d" -MT"Core/Src/system_stm32f7xx.o" --specs=nano.specs -mfpu=fpv5-sp-d16 -mfloat-abi=hard -mthumb -o "Core/Src/system_stm32f7xx.o"
arm-none-eabi-gcc -o "002_FMC_LCD_8_16.elf" @"objects.list"   -mcpu=cortex-m7 -T"D:\__GitHub\nucleoF746\STM32CubeIDE\002_FMC_LCD_8_16\STM32F746ZGTX_FLASH.ld" --specs=nosys.specs -Wl,-Map="002_FMC_LCD_8_16.map" -Wl,--gc-sections -static --specs=nano.specs -mfpu=fpv5-sp-d16 -mfloat-abi=hard -mthumb -Wl,--start-group -lc -lm -Wl,--end-group
Finished building target: 002_FMC_LCD_8_16.elf
 
arm-none-eabi-size   002_FMC_LCD_8_16.elf 
arm-none-eabi-objdump -h -S  002_FMC_LCD_8_16.elf  > "002_FMC_LCD_8_16.list"
   text	   data	    bss	    dec	    hex	filename
   5856	     20	   1572	   7448	   1d18	002_FMC_LCD_8_16.elf
Finished building: default.size.stdout
 
Finished building: 002_FMC_LCD_8_16.list
 
22:53:20 **** Incremental Build of configuration Debug for project 002_FMC_LCD_8_16 ****
make -j12 all 
arm-none-eabi-size   002_FMC_LCD_8_16.elf 
   text	   data	    bss	    dec	    hex	filename
   5856	     20	   1572	   7448	   1d18	002_FMC_LCD_8_16.elf
Finished building: default.size.stdout
 
